Archive member included to satisfy reference by file (symbol)

d:/viettel/freertos/stm32cubeide/stm32cubeide_1.11.2/stm32cubeide/plugins/com.st.stm32cube.ide.mcu.externaltools.gnu-tools-for-stm32.10.3-2021.10.win32_1.0.100.202210260954/tools/bin/../lib/gcc/arm-none-eabi/10.3.1/../../../../arm-none-eabi/lib/thumb/v7-m/nofp\libstdc++_nano.a(class_type_info.o)
                              ./Core/Src/car.o (vtable for __cxxabiv1::__class_type_info)
d:/viettel/freertos/stm32cubeide/stm32cubeide_1.11.2/stm32cubeide/plugins/com.st.stm32cube.ide.mcu.externaltools.gnu-tools-for-stm32.10.3-2021.10.win32_1.0.100.202210260954/tools/bin/../lib/gcc/arm-none-eabi/10.3.1/../../../../arm-none-eabi/lib/thumb/v7-m/nofp\libstdc++_nano.a(del_ops.o)
                              ./Core/Src/main.o (operator delete(void*, unsigned int))
d:/viettel/freertos/stm32cubeide/stm32cubeide_1.11.2/stm32cubeide/plugins/com.st.stm32cube.ide.mcu.externaltools.gnu-tools-for-stm32.10.3-2021.10.win32_1.0.100.202210260954/tools/bin/../lib/gcc/arm-none-eabi/10.3.1/../../../../arm-none-eabi/lib/thumb/v7-m/nofp\libstdc++_nano.a(eh_alloc.o)
                              ./Core/Src/car.o (__cxa_allocate_exception)
d:/viettel/freertos/stm32cubeide/stm32cubeide_1.11.2/stm32cubeide/plugins/com.st.stm32cube.ide.mcu.externaltools.gnu-tools-for-stm32.10.3-2021.10.win32_1.0.100.202210260954/tools/bin/../lib/gcc/arm-none-eabi/10.3.1/../../../../arm-none-eabi/lib/thumb/v7-m/nofp\libstdc++_nano.a(eh_arm.o)
                              ./Core/Src/car.o (__cxa_end_cleanup)
d:/viettel/freertos/stm32cubeide/stm32cubeide_1.11.2/stm32cubeide/plugins/com.st.stm32cube.ide.mcu.externaltools.gnu-tools-for-stm32.10.3-2021.10.win32_1.0.100.202210260954/tools/bin/../lib/gcc/arm-none-eabi/10.3.1/../../../../arm-none-eabi/lib/thumb/v7-m/nofp\libstdc++_nano.a(eh_exception.o)
                              d:/viettel/freertos/stm32cubeide/stm32cubeide_1.11.2/stm32cubeide/plugins/com.st.stm32cube.ide.mcu.externaltools.gnu-tools-for-stm32.10.3-2021.10.win32_1.0.100.202210260954/tools/bin/../lib/gcc/arm-none-eabi/10.3.1/../../../../arm-none-eabi/lib/thumb/v7-m/nofp\libstdc++_nano.a(eh_arm.o) (typeinfo for __cxxabiv1::__forced_unwind)
d:/viettel/freertos/stm32cubeide/stm32cubeide_1.11.2/stm32cubeide/plugins/com.st.stm32cube.ide.mcu.externaltools.gnu-tools-for-stm32.10.3-2021.10.win32_1.0.100.202210260954/tools/bin/../lib/gcc/arm-none-eabi/10.3.1/../../../../arm-none-eabi/lib/thumb/v7-m/nofp\libstdc++_nano.a(eh_globals.o)
                              d:/viettel/freertos/stm32cubeide/stm32cubeide_1.11.2/stm32cubeide/plugins/com.st.stm32cube.ide.mcu.externaltools.gnu-tools-for-stm32.10.3-2021.10.win32_1.0.100.202210260954/tools/bin/../lib/gcc/arm-none-eabi/10.3.1/../../../../arm-none-eabi/lib/thumb/v7-m/nofp\libstdc++_nano.a(eh_arm.o) (__cxa_get_globals)
d:/viettel/freertos/stm32cubeide/stm32cubeide_1.11.2/stm32cubeide/plugins/com.st.stm32cube.ide.mcu.externaltools.gnu-tools-for-stm32.10.3-2021.10.win32_1.0.100.202210260954/tools/bin/../lib/gcc/arm-none-eabi/10.3.1/../../../../arm-none-eabi/lib/thumb/v7-m/nofp\libstdc++_nano.a(eh_personality.o)
                              ./Core/Src/car.o (__gxx_personality_v0)
d:/viettel/freertos/stm32cubeide/stm32cubeide_1.11.2/stm32cubeide/plugins/com.st.stm32cube.ide.mcu.externaltools.gnu-tools-for-stm32.10.3-2021.10.win32_1.0.100.202210260954/tools/bin/../lib/gcc/arm-none-eabi/10.3.1/../../../../arm-none-eabi/lib/thumb/v7-m/nofp\libstdc++_nano.a(eh_terminate.o)
                              d:/viettel/freertos/stm32cubeide/stm32cubeide_1.11.2/stm32cubeide/plugins/com.st.stm32cube.ide.mcu.externaltools.gnu-tools-for-stm32.10.3-2021.10.win32_1.0.100.202210260954/tools/bin/../lib/gcc/arm-none-eabi/10.3.1/../../../../arm-none-eabi/lib/thumb/v7-m/nofp\libstdc++_nano.a(eh_alloc.o) (std::terminate())
d:/viettel/freertos/stm32cubeide/stm32cubeide_1.11.2/stm32cubeide/plugins/com.st.stm32cube.ide.mcu.externaltools.gnu-tools-for-stm32.10.3-2021.10.win32_1.0.100.202210260954/tools/bin/../lib/gcc/arm-none-eabi/10.3.1/../../../../arm-none-eabi/lib/thumb/v7-m/nofp\libstdc++_nano.a(eh_throw.o)
                              ./Core/Src/car.o (__cxa_throw)
d:/viettel/freertos/stm32cubeide/stm32cubeide_1.11.2/stm32cubeide/plugins/com.st.stm32cube.ide.mcu.externaltools.gnu-tools-for-stm32.10.3-2021.10.win32_1.0.100.202210260954/tools/bin/../lib/gcc/arm-none-eabi/10.3.1/../../../../arm-none-eabi/lib/thumb/v7-m/nofp\libstdc++_nano.a(eh_unex_handler.o)
                              d:/viettel/freertos/stm32cubeide/stm32cubeide_1.11.2/stm32cubeide/plugins/com.st.stm32cube.ide.mcu.externaltools.gnu-tools-for-stm32.10.3-2021.10.win32_1.0.100.202210260954/tools/bin/../lib/gcc/arm-none-eabi/10.3.1/../../../../arm-none-eabi/lib/thumb/v7-m/nofp\libstdc++_nano.a(eh_terminate.o) (__cxxabiv1::__unexpected_handler)
[...]
Memory Configuration

Name             Origin             Length             Attributes
RAM              0x0000000020000000 0x0000000000002800 xrw
FLASH            0x0000000008000000 0x0000000000008000 xr
*default*        0x0000000000000000 0xffffffffffffffff

Linker script and memory map

LOAD d:/viettel/freertos/stm32cubeide/stm32cubeide_1.11.2/stm32cubeide/plugins/com.st.stm32cube.ide.mcu.externaltools.gnu-tools-for-stm32.10.3-2021.10.win32_1.0.100.202210260954/tools/bin/../lib/gcc/arm-none-eabi/10.3.1/thumb/v7-m/nofp/crti.o
LOAD d:/viettel/freertos/stm32cubeide/stm32cubeide_1.11.2/stm32cubeide/plugins/com.st.stm32cube.ide.mcu.externaltools.gnu-tools-for-stm32.10.3-2021.10.win32_1.0.100.202210260954/tools/bin/../lib/gcc/arm-none-eabi/10.3.1/thumb/v7-m/nofp/crtbegin.o
LOAD d:/viettel/freertos/stm32cubeide/stm32cubeide_1.11.2/stm32cubeide/plugins/com.st.stm32cube.ide.mcu.externaltools.gnu-tools-for-stm32.10.3-2021.10.win32_1.0.100.202210260954/tools/bin/../lib/gcc/arm-none-eabi/10.3.1/../../../../arm-none-eabi/lib/thumb/v7-m/nofp/crt0.o
LOAD ./Core/Src/car.o
LOAD ./Core/Src/freertos.o
LOAD ./Core/Src/main.o
LOAD ./Core/Src/stm32f1xx_hal_msp.o
LOAD ./Core/Src/stm32f1xx_hal_timebase_tim.o
LOAD ./Core/Src/stm32f1xx_it.o
LOAD ./Core/Src/syscalls.o
LOAD ./Core/Src/sysmem.o
LOAD ./Core/Src/system_stm32f1xx.o
LOAD ./Core/Src/utilities.o
LOAD ./Core/Startup/startup_stm32f103c6tx.o
LOAD ./Drivers/STM32F1xx_HAL_Driver/Src/stm32f1xx_hal.o
LOAD ./Drivers/STM32F1xx_HAL_Driver/Src/stm32f1xx_hal_cortex.o
LOAD ./Drivers/STM32F1xx_HAL_Driver/Src/stm32f1xx_hal_dma.o
LOAD ./Drivers/STM32F1xx_HAL_Driver/Src/stm32f1xx_hal_exti.o
LOAD ./Drivers/STM32F1xx_HAL_Driver/Src/stm32f1xx_hal_flash.o
LOAD ./Drivers/STM32F1xx_HAL_Driver/Src/stm32f1xx_hal_flash_ex.o
LOAD ./Drivers/STM32F1xx_HAL_Driver/Src/stm32f1xx_hal_gpio.o
LOAD ./Drivers/STM32F1xx_HAL_Driver/Src/stm32f1xx_hal_gpio_ex.o
LOAD ./Drivers/STM32F1xx_HAL_Driver/Src/stm32f1xx_hal_pwr.o
LOAD ./Drivers/STM32F1xx_HAL_Driver/Src/stm32f1xx_hal_rcc.o
LOAD ./Drivers/STM32F1xx_HAL_Driver/Src/stm32f1xx_hal_rcc_ex.o
LOAD ./Drivers/STM32F1xx_HAL_Driver/Src/stm32f1xx_hal_tim.o
LOAD ./Drivers/STM32F1xx_HAL_Driver/Src/stm32f1xx_hal_tim_ex.o
LOAD ./Drivers/STM32F1xx_HAL_Driver/Src/stm32f1xx_hal_uart.o
LOAD ./Middlewares/Third_Party/FreeRTOS/Source/CMSIS_RTOS_V2/cmsis_os2.o
LOAD ./Middlewares/Third_Party/FreeRTOS/Source/croutine.o
LOAD ./Middlewares/Third_Party/FreeRTOS/Source/event_groups.o
LOAD ./Middlewares/Third_Party/FreeRTOS/Source/list.o
LOAD ./Middlewares/Third_Party/FreeRTOS/Source/queue.o
LOAD ./Middlewares/Third_Party/FreeRTOS/Source/stream_buffer.o
LOAD ./Middlewares/Third_Party/FreeRTOS/Source/tasks.o
LOAD ./Middlewares/Third_Party/FreeRTOS/Source/timers.o
LOAD ./Middlewares/Third_Party/FreeRTOS/Source/portable/GCC/ARM_CM3/port.o
LOAD ./Middlewares/Third_Party/FreeRTOS/Source/portable/MemMang/heap_4.o
START GROUP
LOAD d:/viettel/freertos/stm32cubeide/stm32cubeide_1.11.2/stm32cubeide/plugins/com.st.stm32cube.ide.mcu.externaltools.gnu-tools-for-stm32.10.3-2021.10.win32_1.0.100.202210260954/tools/bin/../lib/gcc/arm-none-eabi/10.3.1/../../../../arm-none-eabi/lib/thumb/v7-m/nofp\libstdc++_nano.a
LOAD d:/viettel/freertos/stm32cubeide/stm32cubeide_1.11.2/stm32cubeide/plugins/com.st.stm32cube.ide.mcu.externaltools.gnu-tools-for-stm32.10.3-2021.10.win32_1.0.100.202210260954/tools/bin/../lib/gcc/arm-none-eabi/10.3.1/../../../../arm-none-eabi/lib/thumb/v7-m/nofp\libsupc++_nano.a
END GROUP
LOAD d:/viettel/freertos/stm32cubeide/stm32cubeide_1.11.2/stm32cubeide/plugins/com.st.stm32cube.ide.mcu.externaltools.gnu-tools-for-stm32.10.3-2021.10.win32_1.0.100.202210260954/tools/bin/../lib/gcc/arm-none-eabi/10.3.1/../../../../arm-none-eabi/lib/thumb/v7-m/nofp\libstdc++_nano.a
LOAD d:/viettel/freertos/stm32cubeide/stm32cubeide_1.11.2/stm32cubeide/plugins/com.st.stm32cube.ide.mcu.externaltools.gnu-tools-for-stm32.10.3-2021.10.win32_1.0.100.202210260954/tools/bin/../lib/gcc/arm-none-eabi/10.3.1/../../../../arm-none-eabi/lib/thumb/v7-m/nofp\libm.a
LOAD d:/viettel/freertos/stm32cubeide/stm32cubeide_1.11.2/stm32cubeide/plugins/com.st.stm32cube.ide.mcu.externaltools.gnu-tools-for-stm32.10.3-2021.10.win32_1.0.100.202210260954/tools/bin/../lib/gcc/arm-none-eabi/10.3.1/../../../../arm-none-eabi/lib/thumb/v7-m/nofp\libc_nano.a
START GROUP
LOAD d:/viettel/freertos/stm32cubeide/stm32cubeide_1.11.2/stm32cubeide/plugins/com.st.stm32cube.ide.mcu.externaltools.gnu-tools-for-stm32.10.3-2021.10.win32_1.0.100.202210260954/tools/bin/../lib/gcc/arm-none-eabi/10.3.1/thumb/v7-m/nofp\libgcc.a
LOAD d:/viettel/freertos/stm32cubeide/stm32cubeide_1.11.2/stm32cubeide/plugins/com.st.stm32cube.ide.mcu.externaltools.gnu-tools-for-stm32.10.3-2021.10.win32_1.0.100.202210260954/tools/bin/../lib/gcc/arm-none-eabi/10.3.1/../../../../arm-none-eabi/lib/thumb/v7-m/nofp\libc_nano.a
END GROUP
START GROUP
LOAD d:/viettel/freertos/stm32cubeide/stm32cubeide_1.11.2/stm32cubeide/plugins/com.st.stm32cube.ide.mcu.externaltools.gnu-tools-for-stm32.10.3-2021.10.win32_1.0.100.202210260954/tools/bin/../lib/gcc/arm-none-eabi/10.3.1/thumb/v7-m/nofp\libgcc.a
LOAD d:/viettel/freertos/stm32cubeide/stm32cubeide_1.11.2/stm32cubeide/plugins/com.st.stm32cube.ide.mcu.externaltools.gnu-tools-for-stm32.10.3-2021.10.win32_1.0.100.202210260954/tools/bin/../lib/gcc/arm-none-eabi/10.3.1/../../../../arm-none-eabi/lib/thumb/v7-m/nofp\libc_nano.a
LOAD d:/viettel/freertos/stm32cubeide/stm32cubeide_1.11.2/stm32cubeide/plugins/com.st.stm32cube.ide.mcu.externaltools.gnu-tools-for-stm32.10.3-2021.10.win32_1.0.100.202210260954/tools/bin/../lib/gcc/arm-none-eabi/10.3.1/../../../../arm-none-eabi/lib/thumb/v7-m/nofp\libnosys.a
END GROUP
START GROUP
LOAD d:/viettel/freertos/stm32cubeide/stm32cubeide_1.11.2/stm32cubeide/plugins/com.st.stm32cube.ide.mcu.externaltools.gnu-tools-for-stm32.10.3-2021.10.win32_1.0.100.202210260954/tools/bin/../lib/gcc/arm-none-eabi/10.3.1/thumb/v7-m/nofp\libgcc.a
LOAD d:/viettel/freertos/stm32cubeide/stm32cubeide_1.11.2/stm32cubeide/plugins/com.st.stm32cube.ide.mcu.externaltools.gnu-tools-for-stm32.10.3-2021.10.win32_1.0.100.202210260954/tools/bin/../lib/gcc/arm-none-eabi/10.3.1/../../../../arm-none-eabi/lib/thumb/v7-m/nofp\libc_nano.a
LOAD d:/viettel/freertos/stm32cubeide/stm32cubeide_1.11.2/stm32cubeide/plugins/com.st.stm32cube.ide.mcu.externaltools.gnu-tools-for-stm32.10.3-2021.10.win32_1.0.100.202210260954/tools/bin/../lib/gcc/arm-none-eabi/10.3.1/../../../../arm-none-eabi/lib/thumb/v7-m/nofp\libnosys.a
END GROUP
LOAD d:/viettel/freertos/stm32cubeide/stm32cubeide_1.11.2/stm32cubeide/plugins/com.st.stm32cube.ide.mcu.externaltools.gnu-tools-for-stm32.10.3-2021.10.win32_1.0.100.202210260954/tools/bin/../lib/gcc/arm-none-eabi/10.3.1/thumb/v7-m/nofp/crtend.o
LOAD d:/viettel/freertos/stm32cubeide/stm32cubeide_1.11.2/stm32cubeide/plugins/com.st.stm32cube.ide.mcu.externaltools.gnu-tools-for-stm32.10.3-2021.10.win32_1.0.100.202210260954/tools/bin/../lib/gcc/arm-none-eabi/10.3.1/thumb/v7-m/nofp/crtn.o
                0x0000000020002800                _estack = (ORIGIN (RAM) + LENGTH (RAM))
                0x0000000000000200                _Min_Heap_Size = 0x200
                0x0000000000000400                _Min_Stack_Size = 0x400

.isr_vector     0x0000000008000000      0x10c
                0x0000000008000000                . = ALIGN (0x4)
 *(.isr_vector)
 .isr_vector    0x0000000008000000      0x10c ./Core/Startup/startup_stm32f103c6tx.o
                0x0000000008000000                g_pfnVectors
                0x000000000800010c                . = ALIGN (0x4)

.text           0x0000000008000110     0x6f20
                0x0000000008000110                . = ALIGN (0x4)
 *(.text)
 .text          0x0000000008000110       0x40 d:/viettel/freertos/stm32cubeide/stm32cubeide_1.11.2/stm32cubeide/plugins/com.st.stm32cube.ide.mcu.externaltools.gnu-tools-for-stm32.10.3-2021.10.win32_1.0.100.202210260954/tools/bin/../lib/gcc/arm-none-eabi/10.3.1/thumb/v7-m/nofp/crtbegin.o
 .text          0x0000000008000150       0x14 d:/viettel/freertos/stm32cubeide/stm32cubeide_1.11.2/stm32cubeide/plugins/com.st.stm32cube.ide.mcu.externaltools.gnu-tools-for-stm32.10.3-2021.10.win32_1.0.100.202210260954/tools/bin/../lib/gcc/arm-none-eabi/10.3.1/../../../../arm-none-eabi/lib/thumb/v7-m/nofp\libc_nano.a(lib_a-strcmp.o)
                0x0000000008000150                strcmp
 .text          0x0000000008000164       0x10 d:/viettel/freertos/stm32cubeide/stm32cubeide_1.11.2/stm32cubeide/plugins/com.st.stm32cube.ide.mcu.externaltools.gnu-tools-for-stm32.10.3-2021.10.win32_1.0.100.202210260954/tools/bin/../lib/gcc/arm-none-eabi/10.3.1/../../../../arm-none-eabi/lib/thumb/v7-m/nofp\libc_nano.a(lib_a-strlen.o)
                0x0000000008000164                strlen
 .text          0x0000000008000174      0x9e4 d:/viettel/freertos/stm32cubeide/stm32cubeide_1.11.2/stm32cubeide/plugins/com.st.stm32cube.ide.mcu.externaltools.gnu-tools-for-stm32.10.3-2021.10.win32_1.0.100.202210260954/tools/bin/../lib/gcc/arm-none-eabi/10.3.1/thumb/v7-m/nofp\libgcc.a(unwind-arm.o)
                0x0000000008000434                _Unwind_GetCFA
                0x0000000008000438                __gnu_Unwind_RaiseException
                0x00000000080004a0                __gnu_Unwind_ForcedUnwind
                0x00000000080004b4                __gnu_Unwind_Resume
                0x00000000080004f8                __gnu_Unwind_Resume_or_Rethrow
                0x000000000800050c                _Unwind_Complete
                0x0000000008000510                _Unwind_DeleteException
                0x000000000800051c                _Unwind_VRS_Get
                0x0000000008000568                _Unwind_VRS_Set
                0x00000000080005b0                __gnu_Unwind_Backtrace
                0x00000000080008d8                __aeabi_unwind_cpp_pr0
                0x00000000080008dc                __aeabi_unwind_cpp_pr1
                0x00000000080008e0                __aeabi_unwind_cpp_pr2
                0x00000000080008e4                _Unwind_VRS_Pop
 .text          0x0000000008000b58      0x1ac d:/viettel/freertos/stm32cubeide/stm32cubeide_1.11.2/stm32cubeide/plugins/com.st.stm32cube.ide.mcu.externaltools.gnu-tools-for-stm32.10.3-2021.10.win32_1.0.100.202210260954/tools/bin/../lib/gcc/arm-none-eabi/10.3.1/thumb/v7-m/nofp\libgcc.a(libunwind.o)
                0x0000000008000b58                __restore_core_regs
                0x0000000008000b58                restore_core_regs
                0x0000000008000b70                __gnu_Unwind_Restore_VFP
                0x0000000008000b78                __gnu_Unwind_Save_VFP
                0x0000000008000b80                __gnu_Unwind_Restore_VFP_D
                0x0000000008000b88                __gnu_Unwind_Save_VFP_D
                0x0000000008000b90                __gnu_Unwind_Restore_VFP_D_16_to_31
                0x0000000008000b98                __gnu_Unwind_Save_VFP_D_16_to_31
                0x0000000008000ba0                __gnu_Unwind_Restore_WMMXD
                0x0000000008000be4                __gnu_Unwind_Save_WMMXD
                0x0000000008000c28                __gnu_Unwind_Restore_WMMXC
                0x0000000008000c3c                __gnu_Unwind_Save_WMMXC
                0x0000000008000c50                ___Unwind_RaiseException
                0x0000000008000c50                _Unwind_RaiseException
                0x0000000008000c74                _Unwind_Resume
                0x0000000008000c74                ___Unwind_Resume
                0x0000000008000c98                _Unwind_Resume_or_Rethrow
                0x0000000008000c98                ___Unwind_Resume_or_Rethrow
                0x0000000008000cbc                _Unwind_ForcedUnwind
                0x0000000008000cbc                ___Unwind_ForcedUnwind
                0x0000000008000ce0                ___Unwind_Backtrace
                0x0000000008000ce0                _Unwind_Backtrace
 .text          0x0000000008000d04      0x38c d:/viettel/freertos/stm32cubeide/stm32cubeide_1.11.2/stm32cubeide/plugins/com.st.stm32cube.ide.mcu.externaltools.gnu-tools-for-stm32.10.3-2021.10.win32_1.0.100.202210260954/tools/bin/../lib/gcc/arm-none-eabi/10.3.1/thumb/v7-m/nofp\libgcc.a(pr-support.o)
                0x0000000008000d5c                __gnu_unwind_execute
                0x0000000008001040                __gnu_unwind_frame
                0x0000000008001070                _Unwind_GetRegionStart
                0x000000000800107c                _Unwind_GetLanguageSpecificData
 *(.text*)
 .text._ZN3CarC2EPKcS1_8fuelTypeiib
                0x0000000008001090       0x48 ./Core/Src/car.o
                0x0000000008001090                Car::Car(char const*, char const*, fuelType, int, int, bool)
                0x0000000008001090                Car::Car(char const*, char const*, fuelType, int, int, bool)
 .text._ZN3Car8getBrandEv
                0x00000000080010d8       0x16 ./Core/Src/car.o
                0x00000000080010d8                Car::getBrand()
 .text._ZN3Car8getModelEv
                0x00000000080010ee       0x16 ./Core/Src/car.o
                0x00000000080010ee                Car::getModel()
 .text._ZN3Car13toFuelTypeTagE8fuelType
                0x0000000008001104       0x70 ./Core/Src/car.o
                0x0000000008001104                Car::toFuelTypeTag(fuelType)
 .text._ZN3Car11getFuelTypeEv
                0x0000000008001174       0x16 ./Core/Src/car.o
                0x0000000008001174                Car::getFuelType()
 .text._ZN3Car8getPriceEv
                0x000000000800118a       0x16 ./Core/Src/car.o
                0x000000000800118a                Car::getPrice()
 .text._ZN3Car11getMaxSpeedEv
                0x00000000080011a0       0x16 ./Core/Src/car.o
                0x00000000080011a0                Car::getMaxSpeed()
 .text._ZN3Car9getStatusEv
                0x00000000080011b6       0x16 ./Core/Src/car.o
                0x00000000080011b6                Car::getStatus()
 .text.main     0x00000000080011cc       0x3c ./Core/Src/main.o
                0x00000000080011cc                main
 .text._Z18SystemClock_Configv
                0x0000000008001208       0x8a ./Core/Src/main.o
                0x0000000008001208                SystemClock_Config()
 *fill*         0x0000000008001292        0x2 
 .text._ZL19MX_USART1_UART_Initv
                0x0000000008001294       0x5c ./Core/Src/main.o
 .text._ZL12MX_GPIO_Initv
                0x00000000080012f0       0x2c ./Core/Src/main.o
 .text._Z13StartMainTaskPv
                0x000000000800131c       0xb8 ./Core/Src/main.o
                0x000000000800131c                StartMainTask(void*)
 .text.HAL_TIM_PeriodElapsedCallback
                0x00000000080013d4       0x24 ./Core/Src/main.o
                0x00000000080013d4                HAL_TIM_PeriodElapsedCallback
 .text.Error_Handler
                0x00000000080013f8        0xa ./Core/Src/main.o
                0x00000000080013f8                Error_Handler
 *fill*         0x0000000008001402        0x2 
 .text._Z41__static_initialization_and_destruction_0ii
                0x0000000008001404       0x68 ./Core/Src/main.o
 .text._GLOBAL__sub_I_huart1
                0x000000000800146c       0x10 ./Core/Src/main.o
 .text.HAL_MspInit
                0x000000000800147c       0x50 ./Core/Src/stm32f1xx_hal_msp.o
                0x000000000800147c                HAL_MspInit
 .text.HAL_UART_MspInit
                0x00000000080014cc       0x98 ./Core/Src/stm32f1xx_hal_msp.o
                0x00000000080014cc                HAL_UART_MspInit
 .text.HAL_InitTick
                0x0000000008001564       0xe4 ./Core/Src/stm32f1xx_hal_timebase_tim.o
                0x0000000008001564                HAL_InitTick
 .text.NMI_Handler
                0x0000000008001648        0x6 ./Core/Src/stm32f1xx_it.o
                0x0000000008001648                NMI_Handler
 .text.HardFault_Handler
                0x000000000800164e        0x6 ./Core/Src/stm32f1xx_it.o
                0x000000000800164e                HardFault_Handler
 .text.MemManage_Handler
                0x0000000008001654        0x6 ./Core/Src/stm32f1xx_it.o
                0x0000000008001654                MemManage_Handler
 .text.BusFault_Handler
                0x000000000800165a        0x6 ./Core/Src/stm32f1xx_it.o
                0x000000000800165a                BusFault_Handler
 .text.UsageFault_Handler
                0x0000000008001660        0x6 ./Core/Src/stm32f1xx_it.o
                0x0000000008001660                UsageFault_Handler
 .text.DebugMon_Handler
                0x0000000008001666        0xc ./Core/Src/stm32f1xx_it.o
                0x0000000008001666                DebugMon_Handler
 *fill*         0x0000000008001672        0x2 
 .text.TIM1_UP_IRQHandler
                0x0000000008001674       0x14 ./Core/Src/stm32f1xx_it.o
                0x0000000008001674                TIM1_UP_IRQHandler
 .text._getpid  0x0000000008001688        0xe ./Core/Src/syscalls.o
                0x0000000008001688                _getpid
 .text._kill    0x0000000008001696       0x20 ./Core/Src/syscalls.o
                0x0000000008001696                _kill
 .text._exit    0x00000000080016b6       0x14 ./Core/Src/syscalls.o
                0x00000000080016b6                _exit
 .text._read    0x00000000080016ca       0x3a ./Core/Src/syscalls.o
                0x00000000080016ca                _read
 .text._write   0x0000000008001704       0x38 ./Core/Src/syscalls.o
                0x0000000008001704                _write
 .text._close   0x000000000800173c       0x16 ./Core/Src/syscalls.o
                0x000000000800173c                _close
 .text._fstat   0x0000000008001752       0x1e ./Core/Src/syscalls.o
                0x0000000008001752                _fstat
 .text._isatty  0x0000000008001770       0x14 ./Core/Src/syscalls.o
                0x0000000008001770                _isatty
 .text._lseek   0x0000000008001784       0x18 ./Core/Src/syscalls.o
                0x0000000008001784                _lseek
 .text._sbrk    0x000000000800179c       0x6c ./Core/Src/sysmem.o
                0x000000000800179c                _sbrk
 .text.SystemInit
                0x0000000008001808        0xc ./Core/Src/system_stm32f1xx.o
                0x0000000008001808                SystemInit
 .text._Z8uint8CatPhS_
                0x0000000008001814       0x74 ./Core/Src/utilities.o
                0x0000000008001814                uint8Cat(unsigned char*, unsigned char*)
 .text._Z9convPrintPh
                0x0000000008001888       0x40 ./Core/Src/utilities.o
                0x0000000008001888                convPrint(unsigned char*)
 .text._Z9convPrinti
                0x00000000080018c8       0x50 ./Core/Src/utilities.o
                0x00000000080018c8                convPrint(int)
 .text._Z7newLinev
                0x0000000008001918       0x20 ./Core/Src/utilities.o
                0x0000000008001918                newLine()
 .text.Reset_Handler
                0x0000000008001938       0x48 ./Core/Startup/startup_stm32f103c6tx.o
                0x0000000008001938                Reset_Handler
 .text.Default_Handler
                0x0000000008001980        0x2 ./Core/Startup/startup_stm32f103c6tx.o
                0x0000000008001980                RTC_Alarm_IRQHandler
                0x0000000008001980                EXTI2_IRQHandler
                0x0000000008001980                TIM1_CC_IRQHandler
                0x0000000008001980                PVD_IRQHandler
                0x0000000008001980                EXTI3_IRQHandler
                0x0000000008001980                EXTI0_IRQHandler
                0x0000000008001980                ADC1_2_IRQHandler
                0x0000000008001980                SPI1_IRQHandler
                0x0000000008001980                TAMPER_IRQHandler
                0x0000000008001980                DMA1_Channel4_IRQHandler
                0x0000000008001980                RTC_IRQHandler
                0x0000000008001980                DMA1_Channel7_IRQHandler
                0x0000000008001980                CAN1_RX1_IRQHandler
                0x0000000008001980                I2C1_EV_IRQHandler
                0x0000000008001980                DMA1_Channel6_IRQHandler
                0x0000000008001980                TIM3_IRQHandler
                0x0000000008001980                RCC_IRQHandler
                0x0000000008001980                TIM1_TRG_COM_IRQHandler
                0x0000000008001980                DMA1_Channel1_IRQHandler
                0x0000000008001980                Default_Handler
                0x0000000008001980                EXTI15_10_IRQHandler
                0x0000000008001980                EXTI9_5_IRQHandler
                0x0000000008001980                DMA1_Channel5_IRQHandler
                0x0000000008001980                EXTI4_IRQHandler
                0x0000000008001980                USB_LP_CAN1_RX0_IRQHandler
                0x0000000008001980                USB_HP_CAN1_TX_IRQHandler
                0x0000000008001980                DMA1_Channel3_IRQHandler
                0x0000000008001980                WWDG_IRQHandler
                0x0000000008001980                TIM2_IRQHandler
                0x0000000008001980                TIM1_BRK_IRQHandler
                0x0000000008001980                EXTI1_IRQHandler
                0x0000000008001980                USART2_IRQHandler
                0x0000000008001980                DMA1_Channel2_IRQHandler
                0x0000000008001980                CAN1_SCE_IRQHandler
                0x0000000008001980                FLASH_IRQHandler
                0x0000000008001980                USART1_IRQHandler
                0x0000000008001980                I2C1_ER_IRQHandler
                0x0000000008001980                USBWakeUp_IRQHandler
 *fill*         0x0000000008001982        0x2 
 .text.HAL_Init
                0x0000000008001984       0x2c ./Drivers/STM32F1xx_HAL_Driver/Src/stm32f1xx_hal.o
                0x0000000008001984                HAL_Init
 .text.HAL_IncTick
                0x00000000080019b0       0x24 ./Drivers/STM32F1xx_HAL_Driver/Src/stm32f1xx_hal.o
                0x00000000080019b0                HAL_IncTick
 .text.HAL_GetTick
                0x00000000080019d4       0x14 ./Drivers/STM32F1xx_HAL_Driver/Src/stm32f1xx_hal.o
                0x00000000080019d4                HAL_GetTick
 .text.__NVIC_SetPriorityGrouping
                0x00000000080019e8       0x48 ./Drivers/STM32F1xx_HAL_Driver/Src/stm32f1xx_hal_cortex.o
 .text.__NVIC_GetPriorityGrouping
                0x0000000008001a30       0x1c ./Drivers/STM32F1xx_HAL_Driver/Src/stm32f1xx_hal_cortex.o
 .text.__NVIC_EnableIRQ
                0x0000000008001a4c       0x38 ./Drivers/STM32F1xx_HAL_Driver/Src/stm32f1xx_hal_cortex.o
 .text.__NVIC_SetPriority
                0x0000000008001a84       0x54 ./Drivers/STM32F1xx_HAL_Driver/Src/stm32f1xx_hal_cortex.o
 .text.NVIC_EncodePriority
                0x0000000008001ad8       0x64 ./Drivers/STM32F1xx_HAL_Driver/Src/stm32f1xx_hal_cortex.o
 .text.HAL_NVIC_SetPriorityGrouping
                0x0000000008001b3c       0x16 ./Drivers/STM32F1xx_HAL_Driver/Src/stm32f1xx_hal_cortex.o
                0x0000000008001b3c                HAL_NVIC_SetPriorityGrouping
 .text.HAL_NVIC_SetPriority
                0x0000000008001b52       0x38 ./Drivers/STM32F1xx_HAL_Driver/Src/stm32f1xx_hal_cortex.o
                0x0000000008001b52                HAL_NVIC_SetPriority
 .text.HAL_NVIC_EnableIRQ
                0x0000000008001b8a       0x1c ./Drivers/STM32F1xx_HAL_Driver/Src/stm32f1xx_hal_cortex.o
                0x0000000008001b8a                HAL_NVIC_EnableIRQ
 *fill*         0x0000000008001ba6        0x2 
 .text.HAL_GPIO_Init
                0x0000000008001ba8      0x2f8 ./Drivers/STM32F1xx_HAL_Driver/Src/stm32f1xx_hal_gpio.o
                0x0000000008001ba8                HAL_GPIO_Init
 .text.HAL_RCC_OscConfig
                0x0000000008001ea0      0x504 ./Drivers/STM32F1xx_HAL_Driver/Src/stm32f1xx_hal_rcc.o
                0x0000000008001ea0                HAL_RCC_OscConfig
 .text.HAL_RCC_ClockConfig
                0x00000000080023a4      0x1d4 ./Drivers/STM32F1xx_HAL_Driver/Src/stm32f1xx_hal_rcc.o
                0x00000000080023a4                HAL_RCC_ClockConfig
 .text.HAL_RCC_GetSysClockFreq
                0x0000000008002578       0xbc ./Drivers/STM32F1xx_HAL_Driver/Src/stm32f1xx_hal_rcc.o
                0x0000000008002578                HAL_RCC_GetSysClockFreq
 .text.HAL_RCC_GetHCLKFreq
                0x0000000008002634       0x14 ./Drivers/STM32F1xx_HAL_Driver/Src/stm32f1xx_hal_rcc.o
                0x0000000008002634                HAL_RCC_GetHCLKFreq
 .text.HAL_RCC_GetPCLK1Freq
                0x0000000008002648       0x28 ./Drivers/STM32F1xx_HAL_Driver/Src/stm32f1xx_hal_rcc.o
                0x0000000008002648                HAL_RCC_GetPCLK1Freq
 .text.HAL_RCC_GetPCLK2Freq
                0x0000000008002670       0x28 ./Drivers/STM32F1xx_HAL_Driver/Src/stm32f1xx_hal_rcc.o
                0x0000000008002670                HAL_RCC_GetPCLK2Freq
 .text.HAL_RCC_GetClockConfig
                0x0000000008002698       0x60 ./Drivers/STM32F1xx_HAL_Driver/Src/stm32f1xx_hal_rcc.o
                0x0000000008002698                HAL_RCC_GetClockConfig
 .text.RCC_Delay
                0x00000000080026f8       0x3c ./Drivers/STM32F1xx_HAL_Driver/Src/stm32f1xx_hal_rcc.o
 .text.HAL_TIM_Base_Init
                0x0000000008002734       0x9e ./Drivers/STM32F1xx_HAL_Driver/Src/stm32f1xx_hal_tim.o
                0x0000000008002734                HAL_TIM_Base_Init
 .text.HAL_TIM_Base_MspInit
                0x00000000080027d2       0x12 ./Drivers/STM32F1xx_HAL_Driver/Src/stm32f1xx_hal_tim.o
                0x00000000080027d2                HAL_TIM_Base_MspInit
 .text.HAL_TIM_Base_Start_IT
                0x00000000080027e4       0x98 ./Drivers/STM32F1xx_HAL_Driver/Src/stm32f1xx_hal_tim.o
                0x00000000080027e4                HAL_TIM_Base_Start_IT
 .text.HAL_TIM_IRQHandler
                0x000000000800287c      0x210 ./Drivers/STM32F1xx_HAL_Driver/Src/stm32f1xx_hal_tim.o
                0x000000000800287c                HAL_TIM_IRQHandler
 .text.HAL_TIM_OC_DelayElapsedCallback
                0x0000000008002a8c       0x12 ./Drivers/STM32F1xx_HAL_Driver/Src/stm32f1xx_hal_tim.o
                0x0000000008002a8c                HAL_TIM_OC_DelayElapsedCallback
 .text.HAL_TIM_IC_CaptureCallback
                0x0000000008002a9e       0x12 ./Drivers/STM32F1xx_HAL_Driver/Src/stm32f1xx_hal_tim.o
                0x0000000008002a9e                HAL_TIM_IC_CaptureCallback
 .text.HAL_TIM_PWM_PulseFinishedCallback
                0x0000000008002ab0       0x12 ./Drivers/STM32F1xx_HAL_Driver/Src/stm32f1xx_hal_tim.o
                0x0000000008002ab0                HAL_TIM_PWM_PulseFinishedCallback
 .text.HAL_TIM_TriggerCallback
                0x0000000008002ac2       0x12 ./Drivers/STM32F1xx_HAL_Driver/Src/stm32f1xx_hal_tim.o
                0x0000000008002ac2                HAL_TIM_TriggerCallback
 .text.TIM_Base_SetConfig
                0x0000000008002ad4       0xb0 ./Drivers/STM32F1xx_HAL_Driver/Src/stm32f1xx_hal_tim.o
                0x0000000008002ad4                TIM_Base_SetConfig
 .text.HAL_TIMEx_CommutCallback
                0x0000000008002b84       0x12 ./Drivers/STM32F1xx_HAL_Driver/Src/stm32f1xx_hal_tim_ex.o
                0x0000000008002b84                HAL_TIMEx_CommutCallback
 .text.HAL_TIMEx_BreakCallback
                0x0000000008002b96       0x12 ./Drivers/STM32F1xx_HAL_Driver/Src/stm32f1xx_hal_tim_ex.o
                0x0000000008002b96                HAL_TIMEx_BreakCallback
 .text.HAL_UART_Init
                0x0000000008002ba8       0x9a ./Drivers/STM32F1xx_HAL_Driver/Src/stm32f1xx_hal_uart.o
                0x0000000008002ba8                HAL_UART_Init
 .text.HAL_UART_Transmit
                0x0000000008002c42      0x124 ./Drivers/STM32F1xx_HAL_Driver/Src/stm32f1xx_hal_uart.o
                0x0000000008002c42                HAL_UART_Transmit
 .text.UART_WaitOnFlagUntilTimeout
                0x0000000008002d66       0x94 ./Drivers/STM32F1xx_HAL_Driver/Src/stm32f1xx_hal_uart.o
 *fill*         0x0000000008002dfa        0x2 
 .text.UART_SetConfig
                0x0000000008002dfc      0x11c ./Drivers/STM32F1xx_HAL_Driver/Src/stm32f1xx_hal_uart.o
 .text.osKernelInitialize
                0x0000000008002f18       0x64 ./Middlewares/Third_Party/FreeRTOS/Source/CMSIS_RTOS_V2/cmsis_os2.o
                0x0000000008002f18                osKernelInitialize
 .text.osKernelStart
                0x0000000008002f7c       0x68 ./Middlewares/Third_Party/FreeRTOS/Source/CMSIS_RTOS_V2/cmsis_os2.o
                0x0000000008002f7c                osKernelStart
 .text.osThreadNew
                0x0000000008002fe4      0x154 ./Middlewares/Third_Party/FreeRTOS/Source/CMSIS_RTOS_V2/cmsis_os2.o
                0x0000000008002fe4                osThreadNew
 .text.osDelay  0x0000000008003138       0x5c ./Middlewares/Third_Party/FreeRTOS/Source/CMSIS_RTOS_V2/cmsis_os2.o
                0x0000000008003138                osDelay
 .text.vApplicationGetIdleTaskMemory
                0x0000000008003194       0x30 ./Middlewares/Third_Party/FreeRTOS/Source/CMSIS_RTOS_V2/cmsis_os2.o
                0x0000000008003194                vApplicationGetIdleTaskMemory
 .text.vApplicationGetTimerTaskMemory
                0x00000000080031c4       0x34 ./Middlewares/Third_Party/FreeRTOS/Source/CMSIS_RTOS_V2/cmsis_os2.o
                0x00000000080031c4                vApplicationGetTimerTaskMemory
 .text.vListInitialise
                0x00000000080031f8       0x3e ./Middlewares/Third_Party/FreeRTOS/Source/list.o
                0x00000000080031f8                vListInitialise
 .text.vListInitialiseItem
                0x0000000008003236       0x18 ./Middlewares/Third_Party/FreeRTOS/Source/list.o
                0x0000000008003236                vListInitialiseItem
 .text.vListInsertEnd
                0x000000000800324e       0x46 ./Middlewares/Third_Party/FreeRTOS/Source/list.o
                0x000000000800324e                vListInsertEnd
 .text.vListInsert
                0x0000000008003294       0x70 ./Middlewares/Third_Party/FreeRTOS/Source/list.o
                0x0000000008003294                vListInsert
 .text.uxListRemove
                0x0000000008003304       0x52 ./Middlewares/Third_Party/FreeRTOS/Source/list.o
                0x0000000008003304                uxListRemove
 *fill*         0x0000000008003356        0x2 
 .text.xQueueGenericReset
                0x0000000008003358       0xd0 ./Middlewares/Third_Party/FreeRTOS/Source/queue.o
                0x0000000008003358                xQueueGenericReset
 .text.xQueueGenericCreateStatic
                0x0000000008003428       0xee ./Middlewares/Third_Party/FreeRTOS/Source/queue.o
                0x0000000008003428                xQueueGenericCreateStatic
 .text.prvInitialiseNewQueue
                0x0000000008003516       0x46 ./Middlewares/Third_Party/FreeRTOS/Source/queue.o
 .text.xQueueGenericSend
                0x000000000800355c      0x1fc ./Middlewares/Third_Party/FreeRTOS/Source/queue.o
                0x000000000800355c                xQueueGenericSend
 .text.xQueueGenericSendFromISR
                0x0000000008003758      0x130 ./Middlewares/Third_Party/FreeRTOS/Source/queue.o
                0x0000000008003758                xQueueGenericSendFromISR
 .text.xQueueReceive
                0x0000000008003888      0x1c0 ./Middlewares/Third_Party/FreeRTOS/Source/queue.o
                0x0000000008003888                xQueueReceive
 .text.prvCopyDataToQueue
                0x0000000008003a48       0xd4 ./Middlewares/Third_Party/FreeRTOS/Source/queue.o
 .text.prvCopyDataFromQueue
                0x0000000008003b1c       0x4c ./Middlewares/Third_Party/FreeRTOS/Source/queue.o
 .text.prvUnlockQueue
                0x0000000008003b68       0xa4 ./Middlewares/Third_Party/FreeRTOS/Source/queue.o
 .text.prvIsQueueEmpty
                0x0000000008003c0c       0x2c ./Middlewares/Third_Party/FreeRTOS/Source/queue.o
 .text.prvIsQueueFull
                0x0000000008003c38       0x30 ./Middlewares/Third_Party/FreeRTOS/Source/queue.o
 .text.vQueueAddToRegistry
                0x0000000008003c68       0x50 ./Middlewares/Third_Party/FreeRTOS/Source/queue.o
                0x0000000008003c68                vQueueAddToRegistry
 .text.vQueueWaitForMessageRestricted
                0x0000000008003cb8       0x68 ./Middlewares/Third_Party/FreeRTOS/Source/queue.o
                0x0000000008003cb8                vQueueWaitForMessageRestricted
 .text.xTaskCreateStatic
                0x0000000008003d20       0xb8 ./Middlewares/Third_Party/FreeRTOS/Source/tasks.o
                0x0000000008003d20                xTaskCreateStatic
 .text.xTaskCreate
                0x0000000008003dd8       0x8a ./Middlewares/Third_Party/FreeRTOS/Source/tasks.o
                0x0000000008003dd8                xTaskCreate
 *fill*         0x0000000008003e62        0x2 
 .text.prvInitialiseNewTask
                0x0000000008003e64      0x13c ./Middlewares/Third_Party/FreeRTOS/Source/tasks.o
 .text.prvAddNewTaskToReadyList
                0x0000000008003fa0       0xe0 ./Middlewares/Third_Party/FreeRTOS/Source/tasks.o
 .text.vTaskDelay
                0x0000000008004080       0x68 ./Middlewares/Third_Party/FreeRTOS/Source/tasks.o
                0x0000000008004080                vTaskDelay
 .text.vTaskStartScheduler
                0x00000000080040e8       0xe0 ./Middlewares/Third_Party/FreeRTOS/Source/tasks.o
                0x00000000080040e8                vTaskStartScheduler
 .text.vTaskSuspendAll
                0x00000000080041c8       0x1c ./Middlewares/Third_Party/FreeRTOS/Source/tasks.o
                0x00000000080041c8                vTaskSuspendAll
 .text.xTaskResumeAll
                0x00000000080041e4      0x13c ./Middlewares/Third_Party/FreeRTOS/Source/tasks.o
                0x00000000080041e4                xTaskResumeAll
 .text.xTaskGetTickCount
                0x0000000008004320       0x1c ./Middlewares/Third_Party/FreeRTOS/Source/tasks.o
                0x0000000008004320                xTaskGetTickCount
 .text.xTaskIncrementTick
                0x000000000800433c      0x17c ./Middlewares/Third_Party/FreeRTOS/Source/tasks.o
                0x000000000800433c                xTaskIncrementTick
 .text.vTaskSwitchContext
                0x00000000080044b8       0xc8 ./Middlewares/Third_Party/FreeRTOS/Source/tasks.o
                0x00000000080044b8                vTaskSwitchContext
 .text.vTaskPlaceOnEventList
                0x0000000008004580       0x48 ./Middlewares/Third_Party/FreeRTOS/Source/tasks.o
                0x0000000008004580                vTaskPlaceOnEventList
 .text.vTaskPlaceOnEventListRestricted
                0x00000000080045c8       0x58 ./Middlewares/Third_Party/FreeRTOS/Source/tasks.o
                0x00000000080045c8                vTaskPlaceOnEventListRestricted
 .text.xTaskRemoveFromEventList
                0x0000000008004620       0xc8 ./Middlewares/Third_Party/FreeRTOS/Source/tasks.o
                0x0000000008004620                xTaskRemoveFromEventList
 .text.vTaskInternalSetTimeOutState
                0x00000000080046e8       0x2c ./Middlewares/Third_Party/FreeRTOS/Source/tasks.o
                0x00000000080046e8                vTaskInternalSetTimeOutState
 .text.xTaskCheckForTimeOut
                0x0000000008004714       0xc4 ./Middlewares/Third_Party/FreeRTOS/Source/tasks.o
                0x0000000008004714                xTaskCheckForTimeOut
 .text.vTaskMissedYield
                0x00000000080047d8       0x18 ./Middlewares/Third_Party/FreeRTOS/Source/tasks.o
                0x00000000080047d8                vTaskMissedYield
 .text.prvIdleTask
                0x00000000080047f0       0x30 ./Middlewares/Third_Party/FreeRTOS/Source/tasks.o
 .text.prvInitialiseTaskLists
                0x0000000008004820       0x80 ./Middlewares/Third_Party/FreeRTOS/Source/tasks.o
 .text.prvCheckTasksWaitingTermination
                0x00000000080048a0       0x5c ./Middlewares/Third_Party/FreeRTOS/Source/tasks.o
 .text.prvDeleteTCB
                0x00000000080048fc       0x68 ./Middlewares/Third_Party/FreeRTOS/Source/tasks.o
 .text.prvResetNextTaskUnblockTime
                0x0000000008004964       0x48 ./Middlewares/Third_Party/FreeRTOS/Source/tasks.o
 .text.xTaskGetSchedulerState
                0x00000000080049ac       0x3c ./Middlewares/Third_Party/FreeRTOS/Source/tasks.o
                0x00000000080049ac                xTaskGetSchedulerState
 .text.xTaskPriorityDisinherit
                0x00000000080049e8       0xdc ./Middlewares/Third_Party/FreeRTOS/Source/tasks.o
                0x00000000080049e8                xTaskPriorityDisinherit
 .text.prvAddCurrentTaskToDelayedList
                0x0000000008004ac4       0xa8 ./Middlewares/Third_Party/FreeRTOS/Source/tasks.o
 .text.xTimerCreateTimerTask
                0x0000000008004b6c       0x90 ./Middlewares/Third_Party/FreeRTOS/Source/timers.o
                0x0000000008004b6c                xTimerCreateTimerTask
 .text.xTimerGenericCommand
                0x0000000008004bfc       0x9c ./Middlewares/Third_Party/FreeRTOS/Source/timers.o
                0x0000000008004bfc                xTimerGenericCommand
 .text.prvProcessExpiredTimer
                0x0000000008004c98       0x80 ./Middlewares/Third_Party/FreeRTOS/Source/timers.o
 .text.prvTimerTask
                0x0000000008004d18       0x24 ./Middlewares/Third_Party/FreeRTOS/Source/timers.o
 .text.prvProcessTimerOrBlockTask
                0x0000000008004d3c       0x9c ./Middlewares/Third_Party/FreeRTOS/Source/timers.o
 .text.prvGetNextExpireTime
                0x0000000008004dd8       0x48 ./Middlewares/Third_Party/FreeRTOS/Source/timers.o
 .text.prvSampleTimeNow
                0x0000000008004e20       0x40 ./Middlewares/Third_Party/FreeRTOS/Source/timers.o
 .text.prvInsertTimerInActiveList
                0x0000000008004e60       0x84 ./Middlewares/Third_Party/FreeRTOS/Source/timers.o
 .text.prvProcessReceivedCommands
                0x0000000008004ee4      0x168 ./Middlewares/Third_Party/FreeRTOS/Source/timers.o
 .text.prvSwitchTimerLists
                0x000000000800504c       0xc4 ./Middlewares/Third_Party/FreeRTOS/Source/timers.o
 .text.prvCheckForValidListAndQueue
                0x0000000008005110       0x80 ./Middlewares/Third_Party/FreeRTOS/Source/timers.o
 .text.pxPortInitialiseStack
                0x0000000008005190       0x58 ./Middlewares/Third_Party/FreeRTOS/Source/portable/GCC/ARM_CM3/port.o
                0x0000000008005190                pxPortInitialiseStack
 .text.prvTaskExitError
                0x00000000080051e8       0x58 ./Middlewares/Third_Party/FreeRTOS/Source/portable/GCC/ARM_CM3/port.o
 .text.SVC_Handler
                0x0000000008005240       0x28 ./Middlewares/Third_Party/FreeRTOS/Source/portable/GCC/ARM_CM3/port.o
                0x0000000008005240                SVC_Handler
 .text.prvPortStartFirstTask
                0x0000000008005268       0x20 ./Middlewares/Third_Party/FreeRTOS/Source/portable/GCC/ARM_CM3/port.o
 .text.xPortStartScheduler
                0x0000000008005288       0xe4 ./Middlewares/Third_Party/FreeRTOS/Source/portable/GCC/ARM_CM3/port.o
                0x0000000008005288                xPortStartScheduler
 .text.vPortEnterCritical
                0x000000000800536c       0x60 ./Middlewares/Third_Party/FreeRTOS/Source/portable/GCC/ARM_CM3/port.o
                0x000000000800536c                vPortEnterCritical
 .text.vPortExitCritical
                0x00000000080053cc       0x50 ./Middlewares/Third_Party/FreeRTOS/Source/portable/GCC/ARM_CM3/port.o
                0x00000000080053cc                vPortExitCritical
 *fill*         0x000000000800541c        0x4 
 .text.PendSV_Handler
                0x0000000008005420       0x48 ./Middlewares/Third_Party/FreeRTOS/Source/portable/GCC/ARM_CM3/port.o
                0x0000000008005420                PendSV_Handler
 .text.SysTick_Handler
                0x0000000008005468       0x44 ./Middlewares/Third_Party/FreeRTOS/Source/portable/GCC/ARM_CM3/port.o
                0x0000000008005468                SysTick_Handler
 .text.vPortSetupTimerInterrupt
                0x00000000080054ac       0x44 ./Middlewares/Third_Party/FreeRTOS/Source/portable/GCC/ARM_CM3/port.o
                0x00000000080054ac                vPortSetupTimerInterrupt
 .text.vPortValidateInterruptPriority
                0x00000000080054f0       0x7c ./Middlewares/Third_Party/FreeRTOS/Source/portable/GCC/ARM_CM3/port.o
                0x00000000080054f0                vPortValidateInterruptPriority
 .text.pvPortMalloc
                0x000000000800556c      0x188 ./Middlewares/Third_Party/FreeRTOS/Source/portable/MemMang/heap_4.o
                0x000000000800556c                pvPortMalloc
 .text.vPortFree
                0x00000000080056f4       0xb4 ./Middlewares/Third_Party/FreeRTOS/Source/portable/MemMang/heap_4.o
                0x00000000080056f4                vPortFree
 .text.prvHeapInit
                0x00000000080057a8       0xc4 ./Middlewares/Third_Party/FreeRTOS/Source/portable/MemMang/heap_4.o
 .text.prvInsertBlockIntoFreeList
                0x000000000800586c       0xb0 ./Middlewares/Third_Party/FreeRTOS/Source/portable/MemMang/heap_4.o
 .text._ZNK10__cxxabiv117__class_type_info11__do_upcastEPKS0_PPv
                0x000000000800591c       0x32 d:/viettel/freertos/stm32cubeide/stm32cubeide_1.11.2/stm32cubeide/plugins/com.st.stm32cube.ide.mcu.externaltools.gnu-tools-for-stm32.10.3-2021.10.win32_1.0.100.202210260954/tools/bin/../lib/gcc/arm-none-eabi/10.3.1/../../../../arm-none-eabi/lib/thumb/v7-m/nofp\libstdc++_nano.a(class_type_info.o)
                0x000000000800591c                __cxxabiv1::__class_type_info::__do_upcast(__cxxabiv1::__class_type_info const*, void**) const
 .text._ZNK10__cxxabiv117__class_type_info20__do_find_public_srcEiPKvPKS0_S2_
                0x000000000800594e        0xc d:/viettel/freertos/stm32cubeide/stm32cubeide_1.11.2/stm32cubeide/plugins/com.st.stm32cube.ide.mcu.externaltools.gnu-tools-for-stm32.10.3-2021.10.win32_1.0.100.202210260954/tools/bin/../lib/gcc/arm-none-eabi/10.3.1/../../../../arm-none-eabi/lib/thumb/v7-m/nofp\libstdc++_nano.a(class_type_info.o)
                0x000000000800594e                __cxxabiv1::__class_type_info::__do_find_public_src(int, void const*, __cxxabiv1::__class_type_info const*, void const*) const
 *fill*         0x000000000800595a        0x2 
 .text._ZN10__cxxabiv117__class_type_infoD2Ev
                0x000000000800595c       0x14 d:/viettel/freertos/stm32cubeide/stm32cubeide_1.11.2/stm32cubeide/plugins/com.st.stm32cube.ide.mcu.externaltools.gnu-tools-for-stm32.10.3-2021.10.win32_1.0.100.202210260954/tools/bin/../lib/gcc/arm-none-eabi/10.3.1/../../../../arm-none-eabi/lib/thumb/v7-m/nofp\libstdc++_nano.a(class_type_info.o)
                0x000000000800595c                __cxxabiv1::__class_type_info::~__class_type_info()
                0x000000000800595c                __cxxabiv1::__class_type_info::~__class_type_info()
 .text._ZN10__cxxabiv117__class_type_infoD0Ev
                0x0000000008005970       0x14 d:/viettel/freertos/stm32cubeide/stm32cubeide_1.11.2/stm32cubeide/plugins/com.st.stm32cube.ide.mcu.externaltools.gnu-tools-for-stm32.10.3-2021.10.win32_1.0.100.202210260954/tools/bin/../lib/gcc/arm-none-eabi/10.3.1/../../../../arm-none-eabi/lib/thumb/v7-m/nofp\libstdc++_nano.a(class_type_info.o)
                0x0000000008005970                __cxxabiv1::__class_type_info::~__class_type_info()
 .text._ZNK10__cxxabiv117__class_type_info12__do_dyncastEiNS0_10__sub_kindEPKS0_PKvS3_S5_RNS0_16__dyncast_resultE
                0x0000000008005984       0x3e d:/viettel/freertos/stm32cubeide/stm32cubeide_1.11.2/stm32cubeide/plugins/com.st.stm32cube.ide.mcu.externaltools.gnu-tools-for-stm32.10.3-2021.10.win32_1.0.100.202210260954/tools/bin/../lib/gcc/arm-none-eabi/10.3.1/../../../../arm-none-eabi/lib/thumb/v7-m/nofp\libstdc++_nano.a(class_type_info.o)
                0x0000000008005984                __cxxabiv1::__class_type_info::__do_dyncast(int, __cxxabiv1::__class_type_info::__sub_kind, __cxxabiv1::__class_type_info const*, void const*, __cxxabiv1::__class_type_info const*, void const*, __cxxabiv1::__class_type_info::__dyncast_result&) const
 .text._ZNK10__cxxabiv117__class_type_info11__do_upcastEPKS0_PKvRNS0_15__upcast_resultE
                0x00000000080059c2       0x18 d:/viettel/freertos/stm32cubeide/stm32cubeide_1.11.2/stm32cubeide/plugins/com.st.stm32cube.ide.mcu.externaltools.gnu-tools-for-stm32.10.3-2021.10.win32_1.0.100.202210260954/tools/bin/../lib/gcc/arm-none-eabi/10.3.1/../../../../arm-none-eabi/lib/thumb/v7-m/nofp\libstdc++_nano.a(class_type_info.o)
                0x00000000080059c2                __cxxabiv1::__class_type_info::__do_upcast(__cxxabiv1::__class_type_info const*, void const*, __cxxabiv1::__class_type_info::__upcast_result&) const
 .text._ZNK10__cxxabiv117__class_type_info10__do_catchEPKSt9type_infoPPvj
                0x00000000080059da       0x2a d:/viettel/freertos/stm32cubeide/stm32cubeide_1.11.2/stm32cubeide/plugins/com.st.stm32cube.ide.mcu.externaltools.gnu-tools-for-stm32.10.3-2021.10.win32_1.0.100.202210260954/tools/bin/../lib/gcc/arm-none-eabi/10.3.1/../../../../arm-none-eabi/lib/thumb/v7-m/nofp\libstdc++_nano.a(class_type_info.o)
                0x00000000080059da                __cxxabiv1::__class_type_info::__do_catch(std::type_info const*, void**, unsigned int) const
 .text._ZdlPvj  0x0000000008005a04        0x4 d:/viettel/freertos/stm32cubeide/stm32cubeide_1.11.2/stm32cubeide/plugins/com.st.stm32cube.ide.mcu.externaltools.gnu-tools-for-stm32.10.3-2021.10.win32_1.0.100.202210260954/tools/bin/../lib/gcc/arm-none-eabi/10.3.1/../../../../arm-none-eabi/lib/thumb/v7-m/nofp\libstdc++_nano.a(del_ops.o)
                0x0000000008005a04                operator delete(void*, unsigned int)
 .text.startup._GLOBAL__sub_I__ZN9__gnu_cxx9__freeresEv
                0x0000000008005a08       0x28 d:/viettel/freertos/stm32cubeide/stm32cubeide_1.11.2/stm32cubeide/plugins/com.st.stm32cube.ide.mcu.externaltools.gnu-tools-for-stm32.10.3-2021.10.win32_1.0.100.202210260954/tools/bin/../lib/gcc/arm-none-eabi/10.3.1/../../../../arm-none-eabi/lib/thumb/v7-m/nofp\libstdc++_nano.a(eh_alloc.o)
 .text.__cxa_end_cleanup
                0x0000000008005a30        0xc d:/viettel/freertos/stm32cubeide/stm32cubeide_1.11.2/stm32cubeide/plugins/com.st.stm32cube.ide.mcu.externaltools.gnu-tools-for-stm32.10.3-2021.10.win32_1.0.100.202210260954/tools/bin/../lib/gcc/arm-none-eabi/10.3.1/../../../../arm-none-eabi/lib/thumb/v7-m/nofp\libstdc++_nano.a(eh_arm.o)
                0x0000000008005a30                __cxa_end_cleanup
 .text._ZN10__cxxabiv1L24__is_gxx_exception_classEPc
                0x0000000008005a3c       0x3a d:/viettel/freertos/stm32cubeide/stm32cubeide_1.11.2/stm32cubeide/plugins/com.st.stm32cube.ide.mcu.externaltools.gnu-tools-for-stm32.10.3-2021.10.win32_1.0.100.202210260954/tools/bin/../lib/gcc/arm-none-eabi/10.3.1/../../../../arm-none-eabi/lib/thumb/v7-m/nofp\libstdc++_nano.a(eh_arm.o)
 *fill*         0x0000000008005a76        0x2 
 .text.__cxa_type_match
                0x0000000008005a78       0xbc d:/viettel/freertos/stm32cubeide/stm32cubeide_1.11.2/stm32cubeide/plugins/com.st.stm32cube.ide.mcu.externaltools.gnu-tools-for-stm32.10.3-2021.10.win32_1.0.100.202210260954/tools/bin/../lib/gcc/arm-none-eabi/10.3.1/../../../../arm-none-eabi/lib/thumb/v7-m/nofp\libstdc++_nano.a(eh_arm.o)
                0x0000000008005a78                __cxa_type_match
 .text.__cxa_begin_cleanup
                0x0000000008005b34       0x3a d:/viettel/freertos/stm32cubeide/stm32cubeide_1.11.2/stm32cubeide/plugins/com.st.stm32cube.ide.mcu.externaltools.gnu-tools-for-stm32.10.3-2021.10.win32_1.0.100.202210260954/tools/bin/../lib/gcc/arm-none-eabi/10.3.1/../../../../arm-none-eabi/lib/thumb/v7-m/nofp\libstdc++_nano.a(eh_arm.o)
                0x0000000008005b34                __cxa_begin_cleanup
 .text.__gnu_end_cleanup
                0x0000000008005b6e       0x32 d:/viettel/freertos/stm32cubeide/stm32cubeide_1.11.2/stm32cubeide/plugins/com.st.stm32cube.ide.mcu.externaltools.gnu-tools-for-stm32.10.3-2021.10.win32_1.0.100.202210260954/tools/bin/../lib/gcc/arm-none-eabi/10.3.1/../../../../arm-none-eabi/lib/thumb/v7-m/nofp\libstdc++_nano.a(eh_arm.o)
                0x0000000008005b6e                __gnu_end_cleanup
 .text.__cxa_get_globals
                0x0000000008005ba0        0x8 d:/viettel/freertos/stm32cubeide/stm32cubeide_1.11.2/stm32cubeide/plugins/com.st.stm32cube.ide.mcu.externaltools.gnu-tools-for-stm32.10.3-2021.10.win32_1.0.100.202210260954/tools/bin/../lib/gcc/arm-none-eabi/10.3.1/../../../../arm-none-eabi/lib/thumb/v7-m/nofp\libstdc++_nano.a(eh_globals.o)
                0x0000000008005ba0                __cxa_get_globals
 .text._ZL12read_uleb128PKhPm
                0x0000000008005ba8       0x1e d:/viettel/freertos/stm32cubeide/stm32cubeide_1.11.2/stm32cubeide/plugins/com.st.stm32cube.ide.mcu.externaltools.gnu-tools-for-stm32.10.3-2021.10.win32_1.0.100.202210260954/tools/bin/../lib/gcc/arm-none-eabi/10.3.1/../../../../arm-none-eabi/lib/thumb/v7-m/nofp\libstdc++_nano.a(eh_personality.o)
 .text._ZL12read_sleb128PKhPl
                0x0000000008005bc6       0x30 d:/viettel/freertos/stm32cubeide/stm32cubeide_1.11.2/stm32cubeide/plugins/com.st.stm32cube.ide.mcu.externaltools.gnu-tools-for-stm32.10.3-2021.10.win32_1.0.100.202210260954/tools/bin/../lib/gcc/arm-none-eabi/10.3.1/../../../../arm-none-eabi/lib/thumb/v7-m/nofp\libstdc++_nano.a(eh_personality.o)
 .text._ZL28read_encoded_value_with_basehjPKhPj
                0x0000000008005bf6       0x8c d:/viettel/freertos/stm32cubeide/stm32cubeide_1.11.2/stm32cubeide/plugins/com.st.stm32cube.ide.mcu.externaltools.gnu-tools-for-stm32.10.3-2021.10.win32_1.0.100.202210260954/tools/bin/../lib/gcc/arm-none-eabi/10.3.1/../../../../arm-none-eabi/lib/thumb/v7-m/nofp\libstdc++_nano.a(eh_personality.o)
 .text._ZL21base_of_encoded_valuehP15_Unwind_Context
                0x0000000008005c82       0x48 d:/viettel/freertos/stm32cubeide/stm32cubeide_1.11.2/stm32cubeide/plugins/com.st.stm32cube.ide.mcu.externaltools.gnu-tools-for-stm32.10.3-2021.10.win32_1.0.100.202210260954/tools/bin/../lib/gcc/arm-none-eabi/10.3.1/../../../../arm-none-eabi/lib/thumb/v7-m/nofp\libstdc++_nano.a(eh_personality.o)
 .text._ZL18read_encoded_valueP15_Unwind_ContexthPKhPj
                0x0000000008005cca       0x20 d:/viettel/freertos/stm32cubeide/stm32cubeide_1.11.2/stm32cubeide/plugins/com.st.stm32cube.ide.mcu.externaltools.gnu-tools-for-stm32.10.3-2021.10.win32_1.0.100.202210260954/tools/bin/../lib/gcc/arm-none-eabi/10.3.1/../../../../arm-none-eabi/lib/thumb/v7-m/nofp\libstdc++_nano.a(eh_personality.o)
 .text._ZL17parse_lsda_headerP15_Unwind_ContextPKhP16lsda_header_info
                0x0000000008005cea       0x62 d:/viettel/freertos/stm32cubeide/stm32cubeide_1.11.2/stm32cubeide/plugins/com.st.stm32cube.ide.mcu.externaltools.gnu-tools-for-stm32.10.3-2021.10.win32_1.0.100.202210260954/tools/bin/../lib/gcc/arm-none-eabi/10.3.1/../../../../arm-none-eabi/lib/thumb/v7-m/nofp\libstdc++_nano.a(eh_personality.o)
 .text._Unwind_GetGR
                0x0000000008005d4c       0x18 d:/viettel/freertos/stm32cubeide/stm32cubeide_1.11.2/stm32cubeide/plugins/com.st.stm32cube.ide.mcu.externaltools.gnu-tools-for-stm32.10.3-2021.10.win32_1.0.100.202210260954/tools/bin/../lib/gcc/arm-none-eabi/10.3.1/../../../../arm-none-eabi/lib/thumb/v7-m/nofp\libstdc++_nano.a(eh_personality.o)
 .text.__gxx_personality_v0
                0x0000000008005d64      0x338 d:/viettel/freertos/stm32cubeide/stm32cubeide_1.11.2/stm32cubeide/plugins/com.st.stm32cube.ide.mcu.externaltools.gnu-tools-for-stm32.10.3-2021.10.win32_1.0.100.202210260954/tools/bin/../lib/gcc/arm-none-eabi/10.3.1/../../../../arm-none-eabi/lib/thumb/v7-m/nofp\libstdc++_nano.a(eh_personality.o)
                0x0000000008005d64                __gxx_personality_v0
 .text._ZN10__cxxabiv111__terminateEPFvvE
                0x000000000800609c        0x8 d:/viettel/freertos/stm32cubeide/stm32cubeide_1.11.2/stm32cubeide/plugins/com.st.stm32cube.ide.mcu.externaltools.gnu-tools-for-stm32.10.3-2021.10.win32_1.0.100.202210260954/tools/bin/../lib/gcc/arm-none-eabi/10.3.1/../../../../arm-none-eabi/lib/thumb/v7-m/nofp\libstdc++_nano.a(eh_terminate.o)
                0x000000000800609c                __cxxabiv1::__terminate(void (*)())
 .text._ZSt13get_terminatev
                0x00000000080060a4       0x10 d:/viettel/freertos/stm32cubeide/stm32cubeide_1.11.2/stm32cubeide/plugins/com.st.stm32cube.ide.mcu.externaltools.gnu-tools-for-stm32.10.3-2021.10.win32_1.0.100.202210260954/tools/bin/../lib/gcc/arm-none-eabi/10.3.1/../../../../arm-none-eabi/lib/thumb/v7-m/nofp\libstdc++_nano.a(eh_terminate.o)
                0x00000000080060a4                std::get_terminate()
 .text._ZSt9terminatev
                0x00000000080060b4        0xa d:/viettel/freertos/stm32cubeide/stm32cubeide_1.11.2/stm32cubeide/plugins/com.st.stm32cube.ide.mcu.externaltools.gnu-tools-for-stm32.10.3-2021.10.win32_1.0.100.202210260954/tools/bin/../lib/gcc/arm-none-eabi/10.3.1/../../../../arm-none-eabi/lib/thumb/v7-m/nofp\libstdc++_nano.a(eh_terminate.o)
                0x00000000080060b4                std::terminate()
 .text._ZN10__cxxabiv112__unexpectedEPFvvE
                0x00000000080060be        0x8 d:/viettel/freertos/stm32cubeide/stm32cubeide_1.11.2/stm32cubeide/plugins/com.st.stm32cube.ide.mcu.externaltools.gnu-tools-for-stm32.10.3-2021.10.win32_1.0.100.202210260954/tools/bin/../lib/gcc/arm-none-eabi/10.3.1/../../../../arm-none-eabi/lib/thumb/v7-m/nofp\libstdc++_nano.a(eh_terminate.o)
                0x00000000080060be                __cxxabiv1::__unexpected(void (*)())
 *fill*         0x00000000080060c6        0x2 
 .text._ZSt14get_unexpectedv
                0x00000000080060c8       0x10 d:/viettel/freertos/stm32cubeide/stm32cubeide_1.11.2/stm32cubeide/plugins/com.st.stm32cube.ide.mcu.externaltools.gnu-tools-for-stm32.10.3-2021.10.win32_1.0.100.202210260954/tools/bin/../lib/gcc/arm-none-eabi/10.3.1/../../../../arm-none-eabi/lib/thumb/v7-m/nofp\libstdc++_nano.a(eh_terminate.o)
                0x00000000080060c8                std::get_unexpected()
 .text._ZSt10unexpectedv
                0x00000000080060d8        0xa d:/viettel/freertos/stm32cubeide/stm32cubeide_1.11.2/stm32cubeide/plugins/com.st.stm32cube.ide.mcu.externaltools.gnu-tools-for-stm32.10.3-2021.10.win32_1.0.100.202210260954/tools/bin/../lib/gcc/arm-none-eabi/10.3.1/../../../../arm-none-eabi/lib/thumb/v7-m/nofp\libstdc++_nano.a(eh_terminate.o)
                0x00000000080060d8                std::unexpected()
 .text._Znwj    0x00000000080060e2       0x22 d:/viettel/freertos/stm32cubeide/stm32cubeide_1.11.2/stm32cubeide/plugins/com.st.stm32cube.ide.mcu.externaltools.gnu-tools-for-stm32.10.3-2021.10.win32_1.0.100.202210260954/tools/bin/../lib/gcc/arm-none-eabi/10.3.1/../../../../arm-none-eabi/lib/thumb/v7-m/nofp\libstdc++_nano.a(new_op.o)
                0x00000000080060e2                operator new(unsigned int)
 .text._ZN10__cxxabiv120__si_class_type_infoD2Ev
                0x0000000008006104       0x14 d:/viettel/freertos/stm32cubeide/stm32cubeide_1.11.2/stm32cubeide/plugins/com.st.stm32cube.ide.mcu.externaltools.gnu-tools-for-stm32.10.3-2021.10.win32_1.0.100.202210260954/tools/bin/../lib/gcc/arm-none-eabi/10.3.1/../../../../arm-none-eabi/lib/thumb/v7-m/nofp\libstdc++_nano.a(si_class_type_info.o)
                0x0000000008006104                __cxxabiv1::__si_class_type_info::~__si_class_type_info()
                0x0000000008006104                __cxxabiv1::__si_class_type_info::~__si_class_type_info()
 .text._ZN10__cxxabiv120__si_class_type_infoD0Ev
                0x0000000008006118       0x14 d:/viettel/freertos/stm32cubeide/stm32cubeide_1.11.2/stm32cubeide/plugins/com.st.stm32cube.ide.mcu.externaltools.gnu-tools-for-stm32.10.3-2021.10.win32_1.0.100.202210260954/tools/bin/../lib/gcc/arm-none-eabi/10.3.1/../../../../arm-none-eabi/lib/thumb/v7-m/nofp\libstdc++_nano.a(si_class_type_info.o)
                0x0000000008006118                __cxxabiv1::__si_class_type_info::~__si_class_type_info()
 .text._ZNK10__cxxabiv120__si_class_type_info20__do_find_public_srcEiPKvPKNS_17__class_type_infoES2_
                0x000000000800612c       0x3c d:/viettel/freertos/stm32cubeide/stm32cubeide_1.11.2/stm32cubeide/plugins/com.st.stm32cube.ide.mcu.externaltools.gnu-tools-for-stm32.10.3-2021.10.win32_1.0.100.202210260954/tools/bin/../lib/gcc/arm-none-eabi/10.3.1/../../../../arm-none-eabi/lib/thumb/v7-m/nofp\libstdc++_nano.a(si_class_type_info.o)
                0x000000000800612c                __cxxabiv1::__si_class_type_info::__do_find_public_src(int, void const*, __cxxabiv1::__class_type_info const*, void const*) const
 .text._ZNK10__cxxabiv120__si_class_type_info12__do_dyncastEiNS_17__class_type_info10__sub_kindEPKS1_PKvS4_S6_RNS1_16__dyncast_resultE
                0x0000000008006168       0x74 d:/viettel/freertos/stm32cubeide/stm32cubeide_1.11.2/stm32cubeide/plugins/com.st.stm32cube.ide.mcu.externaltools.gnu-tools-for-stm32.10.3-2021.10.win32_1.0.100.202210260954/tools/bin/../lib/gcc/arm-none-eabi/10.3.1/../../../../arm-none-eabi/lib/thumb/v7-m/nofp\libstdc++_nano.a(si_class_type_info.o)
                0x0000000008006168                __cxxabiv1::__si_class_type_info::__do_dyncast(int, __cxxabiv1::__class_type_info::__sub_kind, __cxxabiv1::__class_type_info const*, void const*, __cxxabiv1::__class_type_info const*, void const*, __cxxabiv1::__class_type_info::__dyncast_result&) const
 .text._ZNK10__cxxabiv120__si_class_type_info11__do_upcastEPKNS_17__class_type_infoEPKvRNS1_15__upcast_resultE
                0x00000000080061dc       0x2a d:/viettel/freertos/stm32cubeide/stm32cubeide_1.11.2/stm32cubeide/plugins/com.st.stm32cube.ide.mcu.externaltools.gnu-tools-for-stm32.10.3-2021.10.win32_1.0.100.202210260954/tools/bin/../lib/gcc/arm-none-eabi/10.3.1/../../../../arm-none-eabi/lib/thumb/v7-m/nofp\libstdc++_nano.a(si_class_type_info.o)
                0x00000000080061dc                __cxxabiv1::__si_class_type_info::__do_upcast(__cxxabiv1::__class_type_info const*, void const*, __cxxabiv1::__class_type_info::__upcast_result&) const
 .text._ZNSt9type_infoD2Ev
                0x0000000008006206        0x2 d:/viettel/freertos/stm32cubeide/stm32cubeide_1.11.2/stm32cubeide/plugins/com.st.stm32cube.ide.mcu.externaltools.gnu-tools-for-stm32.10.3-2021.10.win32_1.0.100.202210260954/tools/bin/../lib/gcc/arm-none-eabi/10.3.1/../../../../arm-none-eabi/lib/thumb/v7-m/nofp\libstdc++_nano.a(tinfo.o)
                0x0000000008006206                std::type_info::~type_info()
                0x0000000008006206                std::type_info::~type_info()
 .text._ZNKSt9type_info14__is_pointer_pEv
                0x0000000008006208        0x4 d:/viettel/freertos/stm32cubeide/stm32cubeide_1.11.2/stm32cubeide/plugins/com.st.stm32cube.ide.mcu.externaltools.gnu-tools-for-stm32.10.3-2021.10.win32_1.0.100.202210260954/tools/bin/../lib/gcc/arm-none-eabi/10.3.1/../../../../arm-none-eabi/lib/thumb/v7-m/nofp\libstdc++_nano.a(tinfo.o)
                0x0000000008006208                std::type_info::__is_pointer_p() const
                0x0000000008006208                std::type_info::__is_function_p() const
 .text._ZNKSt9type_infoeqERKS_
                0x000000000800620c       0x2c d:/viettel/freertos/stm32cubeide/stm32cubeide_1.11.2/stm32cubeide/plugins/com.st.stm32cube.ide.mcu.externaltools.gnu-tools-for-stm32.10.3-2021.10.win32_1.0.100.202210260954/tools/bin/../lib/gcc/arm-none-eabi/10.3.1/../../../../arm-none-eabi/lib/thumb/v7-m/nofp\libstdc++_nano.a(tinfo.o)
                0x000000000800620c                std::type_info::operator==(std::type_info const&) const
 .text._ZdlPv   0x0000000008006238        0x4 d:/viettel/freertos/stm32cubeide/stm32cubeide_1.11.2/stm32cubeide/plugins/com.st.stm32cube.ide.mcu.externaltools.gnu-tools-for-stm32.10.3-2021.10.win32_1.0.100.202210260954/tools/bin/../lib/gcc/arm-none-eabi/10.3.1/../../../../arm-none-eabi/lib/thumb/v7-m/nofp\libstdc++_nano.a(del_op.o)
                0x0000000008006238                operator delete(void*)
 .text._ZN10__cxxabiv1L24__is_gxx_exception_classEPc
                0x000000000800623c       0x3a d:/viettel/freertos/stm32cubeide/stm32cubeide_1.11.2/stm32cubeide/plugins/com.st.stm32cube.ide.mcu.externaltools.gnu-tools-for-stm32.10.3-2021.10.win32_1.0.100.202210260954/tools/bin/../lib/gcc/arm-none-eabi/10.3.1/../../../../arm-none-eabi/lib/thumb/v7-m/nofp\libstdc++_nano.a(eh_call.o)
 .text.__cxa_call_terminate
                0x0000000008006276       0x1e d:/viettel/freertos/stm32cubeide/stm32cubeide_1.11.2/stm32cubeide/plugins/com.st.stm32cube.ide.mcu.externaltools.gnu-tools-for-stm32.10.3-2021.10.win32_1.0.100.202210260954/tools/bin/../lib/gcc/arm-none-eabi/10.3.1/../../../../arm-none-eabi/lib/thumb/v7-m/nofp\libstdc++_nano.a(eh_call.o)
                0x0000000008006276                __cxa_call_terminate
 .text.__cxa_call_unexpected
                0x0000000008006294       0x28 d:/viettel/freertos/stm32cubeide/stm32cubeide_1.11.2/stm32cubeide/plugins/com.st.stm32cube.ide.mcu.externaltools.gnu-tools-for-stm32.10.3-2021.10.win32_1.0.100.202210260954/tools/bin/../lib/gcc/arm-none-eabi/10.3.1/../../../../arm-none-eabi/lib/thumb/v7-m/nofp\libstdc++_nano.a(eh_call.o)
                0x0000000008006294                __cxa_call_unexpected
 .text._ZN10__cxxabiv1L24__is_gxx_exception_classEPc
                0x00000000080062bc       0x3a d:/viettel/freertos/stm32cubeide/stm32cubeide_1.11.2/stm32cubeide/plugins/com.st.stm32cube.ide.mcu.externaltools.gnu-tools-for-stm32.10.3-2021.10.win32_1.0.100.202210260954/tools/bin/../lib/gcc/arm-none-eabi/10.3.1/../../../../arm-none-eabi/lib/thumb/v7-m/nofp\libstdc++_nano.a(eh_catch.o)
 .text.__cxa_begin_catch
                0x00000000080062f6       0x52 d:/viettel/freertos/stm32cubeide/stm32cubeide_1.11.2/stm32cubeide/plugins/com.st.stm32cube.ide.mcu.externaltools.gnu-tools-for-stm32.10.3-2021.10.win32_1.0.100.202210260954/tools/bin/../lib/gcc/arm-none-eabi/10.3.1/../../../../arm-none-eabi/lib/thumb/v7-m/nofp\libstdc++_nano.a(eh_catch.o)
                0x00000000080062f6                __cxa_begin_catch
 .text._ZSt15get_new_handlerv
                0x0000000008006348       0x10 d:/viettel/freertos/stm32cubeide/stm32cubeide_1.11.2/stm32cubeide/plugins/com.st.stm32cube.ide.mcu.externaltools.gnu-tools-for-stm32.10.3-2021.10.win32_1.0.100.202210260954/tools/bin/../lib/gcc/arm-none-eabi/10.3.1/../../../../arm-none-eabi/lib/thumb/v7-m/nofp\libstdc++_nano.a(new_handler.o)
                0x0000000008006348                std::get_new_handler()
 .text.abort    0x0000000008006358        0xe d:/viettel/freertos/stm32cubeide/stm32cubeide_1.11.2/stm32cubeide/plugins/com.st.stm32cube.ide.mcu.externaltools.gnu-tools-for-stm32.10.3-2021.10.win32_1.0.100.202210260954/tools/bin/../lib/gcc/arm-none-eabi/10.3.1/../../../../arm-none-eabi/lib/thumb/v7-m/nofp\libc_nano.a(lib_a-abort.o)
                0x0000000008006358                abort
 *fill*         0x0000000008006366        0x2 
 .text.__errno  0x0000000008006368        0xc d:/viettel/freertos/stm32cubeide/stm32cubeide_1.11.2/stm32cubeide/plugins/com.st.stm32cube.ide.mcu.externaltools.gnu-tools-for-stm32.10.3-2021.10.win32_1.0.100.202210260954/tools/bin/../lib/gcc/arm-none-eabi/10.3.1/../../../../arm-none-eabi/lib/thumb/v7-m/nofp\libc_nano.a(lib_a-errno.o)
                0x0000000008006368                __errno
 .text.std      0x0000000008006374       0x48 d:/viettel/freertos/stm32cubeide/stm32cubeide_1.11.2/stm32cubeide/plugins/com.st.stm32cube.ide.mcu.externaltools.gnu-tools-for-stm32.10.3-2021.10.win32_1.0.100.202210260954/tools/bin/../lib/gcc/arm-none-eabi/10.3.1/../../../../arm-none-eabi/lib/thumb/v7-m/nofp\libc_nano.a(lib_a-findfp.o)
 .text._cleanup_r
                0x00000000080063bc        0xc d:/viettel/freertos/stm32cubeide/stm32cubeide_1.11.2/stm32cubeide/plugins/com.st.stm32cube.ide.mcu.externaltools.gnu-tools-for-stm32.10.3-2021.10.win32_1.0.100.202210260954/tools/bin/../lib/gcc/arm-none-eabi/10.3.1/../../../../arm-none-eabi/lib/thumb/v7-m/nofp\libc_nano.a(lib_a-findfp.o)
                0x00000000080063bc                _cleanup_r
 .text.__sfmoreglue
                0x00000000080063c8       0x2c d:/viettel/freertos/stm32cubeide/stm32cubeide_1.11.2/stm32cubeide/plugins/com.st.stm32cube.ide.mcu.externaltools.gnu-tools-for-stm32.10.3-2021.10.win32_1.0.100.202210260954/tools/bin/../lib/gcc/arm-none-eabi/10.3.1/../../../../arm-none-eabi/lib/thumb/v7-m/nofp\libc_nano.a(lib_a-findfp.o)
                0x00000000080063c8                __sfmoreglue
 .text.__sfp_lock_acquire
                0x00000000080063f4        0xc d:/viettel/freertos/stm32cubeide/stm32cubeide_1.11.2/stm32cubeide/plugins/com.st.stm32cube.ide.mcu.externaltools.gnu-tools-for-stm32.10.3-2021.10.win32_1.0.100.202210260954/tools/bin/../lib/gcc/arm-none-eabi/10.3.1/../../../../arm-none-eabi/lib/thumb/v7-m/nofp\libc_nano.a(lib_a-findfp.o)
                0x00000000080063f4                __sfp_lock_acquire
 .text.__sfp_lock_release
                0x0000000008006400        0xc d:/viettel/freertos/stm32cubeide/stm32cubeide_1.11.2/stm32cubeide/plugins/com.st.stm32cube.ide.mcu.externaltools.gnu-tools-for-stm32.10.3-2021.10.win32_1.0.100.202210260954/tools/bin/../lib/gcc/arm-none-eabi/10.3.1/../../../../arm-none-eabi/lib/thumb/v7-m/nofp\libc_nano.a(lib_a-findfp.o)
                0x0000000008006400                __sfp_lock_release
 .text.__sinit_lock_acquire
                0x000000000800640c        0xc d:/viettel/freertos/stm32cubeide/stm32cubeide_1.11.2/stm32cubeide/plugins/com.st.stm32cube.ide.mcu.externaltools.gnu-tools-for-stm32.10.3-2021.10.win32_1.0.100.202210260954/tools/bin/../lib/gcc/arm-none-eabi/10.3.1/../../../../arm-none-eabi/lib/thumb/v7-m/nofp\libc_nano.a(lib_a-findfp.o)
                0x000000000800640c                __sinit_lock_acquire
 .text.__sinit_lock_release
                0x0000000008006418        0xc d:/viettel/freertos/stm32cubeide/stm32cubeide_1.11.2/stm32cubeide/plugins/com.st.stm32cube.ide.mcu.externaltools.gnu-tools-for-stm32.10.3-2021.10.win32_1.0.100.202210260954/tools/bin/../lib/gcc/arm-none-eabi/10.3.1/../../../../arm-none-eabi/lib/thumb/v7-m/nofp\libc_nano.a(lib_a-findfp.o)
                0x0000000008006418                __sinit_lock_release
 .text.__sinit  0x0000000008006424       0x70 d:/viettel/freertos/stm32cubeide/stm32cubeide_1.11.2/stm32cubeide/plugins/com.st.stm32cube.ide.mcu.externaltools.gnu-tools-for-stm32.10.3-2021.10.win32_1.0.100.202210260954/tools/bin/../lib/gcc/arm-none-eabi/10.3.1/../../../../arm-none-eabi/lib/thumb/v7-m/nofp\libc_nano.a(lib_a-findfp.o)
                0x0000000008006424                __sinit
 .text.__sfp    0x0000000008006494       0x8c d:/viettel/freertos/stm32cubeide/stm32cubeide_1.11.2/stm32cubeide/plugins/com.st.stm32cube.ide.mcu.externaltools.gnu-tools-for-stm32.10.3-2021.10.win32_1.0.100.202210260954/tools/bin/../lib/gcc/arm-none-eabi/10.3.1/../../../../arm-none-eabi/lib/thumb/v7-m/nofp\libc_nano.a(lib_a-findfp.o)
                0x0000000008006494                __sfp
 .text._fwalk_reent
                0x0000000008006520       0x3e d:/viettel/freertos/stm32cubeide/stm32cubeide_1.11.2/stm32cubeide/plugins/com.st.stm32cube.ide.mcu.externaltools.gnu-tools-for-stm32.10.3-2021.10.win32_1.0.100.202210260954/tools/bin/../lib/gcc/arm-none-eabi/10.3.1/../../../../arm-none-eabi/lib/thumb/v7-m/nofp\libc_nano.a(lib_a-fwalk.o)
                0x0000000008006520                _fwalk_reent
 *fill*         0x000000000800655e        0x2 
 .text.__libc_init_array
                0x0000000008006560       0x48 d:/viettel/freertos/stm32cubeide/stm32cubeide_1.11.2/stm32cubeide/plugins/com.st.stm32cube.ide.mcu.externaltools.gnu-tools-for-stm32.10.3-2021.10.win32_1.0.100.202210260954/tools/bin/../lib/gcc/arm-none-eabi/10.3.1/../../../../arm-none-eabi/lib/thumb/v7-m/nofp\libc_nano.a(lib_a-init.o)
                0x0000000008006560                __libc_init_array
 .text.__itoa   0x00000000080065a8       0x30 d:/viettel/freertos/stm32cubeide/stm32cubeide_1.11.2/stm32cubeide/plugins/com.st.stm32cube.ide.mcu.externaltools.gnu-tools-for-stm32.10.3-2021.10.win32_1.0.100.202210260954/tools/bin/../lib/gcc/arm-none-eabi/10.3.1/../../../../arm-none-eabi/lib/thumb/v7-m/nofp\libc_nano.a(lib_a-itoa.o)
                0x00000000080065a8                __itoa
 .text.itoa     0x00000000080065d8        0x4 d:/viettel/freertos/stm32cubeide/stm32cubeide_1.11.2/stm32cubeide/plugins/com.st.stm32cube.ide.mcu.externaltools.gnu-tools-for-stm32.10.3-2021.10.win32_1.0.100.202210260954/tools/bin/../lib/gcc/arm-none-eabi/10.3.1/../../../../arm-none-eabi/lib/thumb/v7-m/nofp\libc_nano.a(lib_a-itoa.o)
                0x00000000080065d8                itoa
 .text.__retarget_lock_init_recursive
                0x00000000080065dc        0x2 d:/viettel/freertos/stm32cubeide/stm32cubeide_1.11.2/stm32cubeide/plugins/com.st.stm32cube.ide.mcu.externaltools.gnu-tools-for-stm32.10.3-2021.10.win32_1.0.100.202210260954/tools/bin/../lib/gcc/arm-none-eabi/10.3.1/../../../../arm-none-eabi/lib/thumb/v7-m/nofp\libc_nano.a(lib_a-lock.o)
                0x00000000080065dc                __retarget_lock_init_recursive
 .text.__retarget_lock_acquire_recursive
                0x00000000080065de        0x2 d:/viettel/freertos/stm32cubeide/stm32cubeide_1.11.2/stm32cubeide/plugins/com.st.stm32cube.ide.mcu.externaltools.gnu-tools-for-stm32.10.3-2021.10.win32_1.0.100.202210260954/tools/bin/../lib/gcc/arm-none-eabi/10.3.1/../../../../arm-none-eabi/lib/thumb/v7-m/nofp\libc_nano.a(lib_a-lock.o)
                0x00000000080065de                __retarget_lock_acquire_recursive
 .text.__retarget_lock_release_recursive
                0x00000000080065e0        0x2 d:/viettel/freertos/stm32cubeide/stm32cubeide_1.11.2/stm32cubeide/plugins/com.st.stm32cube.ide.mcu.externaltools.gnu-tools-for-stm32.10.3-2021.10.win32_1.0.100.202210260954/tools/bin/../lib/gcc/arm-none-eabi/10.3.1/../../../../arm-none-eabi/lib/thumb/v7-m/nofp\libc_nano.a(lib_a-lock.o)
                0x00000000080065e0                __retarget_lock_release_recursive
 *fill*         0x00000000080065e2        0x2 
 .text.malloc   0x00000000080065e4       0x10 d:/viettel/freertos/stm32cubeide/stm32cubeide_1.11.2/stm32cubeide/plugins/com.st.stm32cube.ide.mcu.externaltools.gnu-tools-for-stm32.10.3-2021.10.win32_1.0.100.202210260954/tools/bin/../lib/gcc/arm-none-eabi/10.3.1/../../../../arm-none-eabi/lib/thumb/v7-m/nofp\libc_nano.a(lib_a-malloc.o)
                0x00000000080065e4                malloc
 .text.free     0x00000000080065f4       0x10 d:/viettel/freertos/stm32cubeide/stm32cubeide_1.11.2/stm32cubeide/plugins/com.st.stm32cube.ide.mcu.externaltools.gnu-tools-for-stm32.10.3-2021.10.win32_1.0.100.202210260954/tools/bin/../lib/gcc/arm-none-eabi/10.3.1/../../../../arm-none-eabi/lib/thumb/v7-m/nofp\libc_nano.a(lib_a-malloc.o)
                0x00000000080065f4                free
 .text.memcpy   0x0000000008006604       0x1c d:/viettel/freertos/stm32cubeide/stm32cubeide_1.11.2/stm32cubeide/plugins/com.st.stm32cube.ide.mcu.externaltools.gnu-tools-for-stm32.10.3-2021.10.win32_1.0.100.202210260954/tools/bin/../lib/gcc/arm-none-eabi/10.3.1/../../../../arm-none-eabi/lib/thumb/v7-m/nofp\libc_nano.a(lib_a-memcpy-stub.o)
                0x0000000008006604                memcpy
 .text.memset   0x0000000008006620       0x10 d:/viettel/freertos/stm32cubeide/stm32cubeide_1.11.2/stm32cubeide/plugins/com.st.stm32cube.ide.mcu.externaltools.gnu-tools-for-stm32.10.3-2021.10.win32_1.0.100.202210260954/tools/bin/../lib/gcc/arm-none-eabi/10.3.1/../../../../arm-none-eabi/lib/thumb/v7-m/nofp\libc_nano.a(lib_a-memset.o)
                0x0000000008006620                memset
 .text._free_r  0x0000000008006630       0x90 d:/viettel/freertos/stm32cubeide/stm32cubeide_1.11.2/stm32cubeide/plugins/com.st.stm32cube.ide.mcu.externaltools.gnu-tools-for-stm32.10.3-2021.10.win32_1.0.100.202210260954/tools/bin/../lib/gcc/arm-none-eabi/10.3.1/../../../../arm-none-eabi/lib/thumb/v7-m/nofp\libc_nano.a(lib_a-nano-freer.o)
                0x0000000008006630                _free_r
 .text.sbrk_aligned
                0x00000000080066c0       0x40 d:/viettel/freertos/stm32cubeide/stm32cubeide_1.11.2/stm32cubeide/plugins/com.st.stm32cube.ide.mcu.externaltools.gnu-tools-for-stm32.10.3-2021.10.win32_1.0.100.202210260954/tools/bin/../lib/gcc/arm-none-eabi/10.3.1/../../../../arm-none-eabi/lib/thumb/v7-m/nofp\libc_nano.a(lib_a-nano-mallocr.o)
 .text._malloc_r
                0x0000000008006700       0xe8 d:/viettel/freertos/stm32cubeide/stm32cubeide_1.11.2/stm32cubeide/plugins/com.st.stm32cube.ide.mcu.externaltools.gnu-tools-for-stm32.10.3-2021.10.win32_1.0.100.202210260954/tools/bin/../lib/gcc/arm-none-eabi/10.3.1/../../../../arm-none-eabi/lib/thumb/v7-m/nofp\libc_nano.a(lib_a-nano-mallocr.o)
                0x0000000008006700                _malloc_r
 .text._puts_r  0x00000000080067e8       0xdc d:/viettel/freertos/stm32cubeide/stm32cubeide_1.11.2/stm32cubeide/plugins/com.st.stm32cube.ide.mcu.externaltools.gnu-tools-for-stm32.10.3-2021.10.win32_1.0.100.202210260954/tools/bin/../lib/gcc/arm-none-eabi/10.3.1/../../../../arm-none-eabi/lib/thumb/v7-m/nofp\libc_nano.a(lib_a-puts.o)
                0x00000000080067e8                _puts_r
 .text.puts     0x00000000080068c4       0x10 d:/viettel/freertos/stm32cubeide/stm32cubeide_1.11.2/stm32cubeide/plugins/com.st.stm32cube.ide.mcu.externaltools.gnu-tools-for-stm32.10.3-2021.10.win32_1.0.100.202210260954/tools/bin/../lib/gcc/arm-none-eabi/10.3.1/../../../../arm-none-eabi/lib/thumb/v7-m/nofp\libc_nano.a(lib_a-puts.o)
                0x00000000080068c4                puts
 .text.cleanup_glue
                0x00000000080068d4       0x1a d:/viettel/freertos/stm32cubeide/stm32cubeide_1.11.2/stm32cubeide/plugins/com.st.stm32cube.ide.mcu.externaltools.gnu-tools-for-stm32.10.3-2021.10.win32_1.0.100.202210260954/tools/bin/../lib/gcc/arm-none-eabi/10.3.1/../../../../arm-none-eabi/lib/thumb/v7-m/nofp\libc_nano.a(lib_a-reent.o)
                0x00000000080068d4                cleanup_glue
 *fill*         0x00000000080068ee        0x2 
 .text._reclaim_reent
                0x00000000080068f0       0xb8 d:/viettel/freertos/stm32cubeide/stm32cubeide_1.11.2/stm32cubeide/plugins/com.st.stm32cube.ide.mcu.externaltools.gnu-tools-for-stm32.10.3-2021.10.win32_1.0.100.202210260954/tools/bin/../lib/gcc/arm-none-eabi/10.3.1/../../../../arm-none-eabi/lib/thumb/v7-m/nofp\libc_nano.a(lib_a-reent.o)
                0x00000000080068f0                _reclaim_reent
 .text._sbrk_r  0x00000000080069a8       0x20 d:/viettel/freertos/stm32cubeide/stm32cubeide_1.11.2/stm32cubeide/plugins/com.st.stm32cube.ide.mcu.externaltools.gnu-tools-for-stm32.10.3-2021.10.win32_1.0.100.202210260954/tools/bin/../lib/gcc/arm-none-eabi/10.3.1/../../../../arm-none-eabi/lib/thumb/v7-m/nofp\libc_nano.a(lib_a-sbrkr.o)
                0x00000000080069a8                _sbrk_r
 .text._raise_r
                0x00000000080069c8       0x50 d:/viettel/freertos/stm32cubeide/stm32cubeide_1.11.2/stm32cubeide/plugins/com.st.stm32cube.ide.mcu.externaltools.gnu-tools-for-stm32.10.3-2021.10.win32_1.0.100.202210260954/tools/bin/../lib/gcc/arm-none-eabi/10.3.1/../../../../arm-none-eabi/lib/thumb/v7-m/nofp\libc_nano.a(lib_a-signal.o)
                0x00000000080069c8                _raise_r
 .text.raise    0x0000000008006a18       0x10 d:/viettel/freertos/stm32cubeide/stm32cubeide_1.11.2/stm32cubeide/plugins/com.st.stm32cube.ide.mcu.externaltools.gnu-tools-for-stm32.10.3-2021.10.win32_1.0.100.202210260954/tools/bin/../lib/gcc/arm-none-eabi/10.3.1/../../../../arm-none-eabi/lib/thumb/v7-m/nofp\libc_nano.a(lib_a-signal.o)
                0x0000000008006a18                raise
 .text._kill_r  0x0000000008006a28       0x24 d:/viettel/freertos/stm32cubeide/stm32cubeide_1.11.2/stm32cubeide/plugins/com.st.stm32cube.ide.mcu.externaltools.gnu-tools-for-stm32.10.3-2021.10.win32_1.0.100.202210260954/tools/bin/../lib/gcc/arm-none-eabi/10.3.1/../../../../arm-none-eabi/lib/thumb/v7-m/nofp\libc_nano.a(lib_a-signalr.o)
                0x0000000008006a28                _kill_r
 .text._getpid_r
                0x0000000008006a4c        0x4 d:/viettel/freertos/stm32cubeide/stm32cubeide_1.11.2/stm32cubeide/plugins/com.st.stm32cube.ide.mcu.externaltools.gnu-tools-for-stm32.10.3-2021.10.win32_1.0.100.202210260954/tools/bin/../lib/gcc/arm-none-eabi/10.3.1/../../../../arm-none-eabi/lib/thumb/v7-m/nofp\libc_nano.a(lib_a-signalr.o)
                0x0000000008006a4c                _getpid_r
 .text.__sread  0x0000000008006a50       0x22 d:/viettel/freertos/stm32cubeide/stm32cubeide_1.11.2/stm32cubeide/plugins/com.st.stm32cube.ide.mcu.externaltools.gnu-tools-for-stm32.10.3-2021.10.win32_1.0.100.202210260954/tools/bin/../lib/gcc/arm-none-eabi/10.3.1/../../../../arm-none-eabi/lib/thumb/v7-m/nofp\libc_nano.a(lib_a-stdio.o)
                0x0000000008006a50                __sread
 .text.__swrite
                0x0000000008006a72       0x38 d:/viettel/freertos/stm32cubeide/stm32cubeide_1.11.2/stm32cubeide/plugins/com.st.stm32cube.ide.mcu.externaltools.gnu-tools-for-stm32.10.3-2021.10.win32_1.0.100.202210260954/tools/bin/../lib/gcc/arm-none-eabi/10.3.1/../../../../arm-none-eabi/lib/thumb/v7-m/nofp\libc_nano.a(lib_a-stdio.o)
                0x0000000008006a72                __swrite
 .text.__sseek  0x0000000008006aaa       0x24 d:/viettel/freertos/stm32cubeide/stm32cubeide_1.11.2/stm32cubeide/plugins/com.st.stm32cube.ide.mcu.externaltools.gnu-tools-for-stm32.10.3-2021.10.win32_1.0.100.202210260954/tools/bin/../lib/gcc/arm-none-eabi/10.3.1/../../../../arm-none-eabi/lib/thumb/v7-m/nofp\libc_nano.a(lib_a-stdio.o)
                0x0000000008006aaa                __sseek
 .text.__sclose
                0x0000000008006ace        0x8 d:/viettel/freertos/stm32cubeide/stm32cubeide_1.11.2/stm32cubeide/plugins/com.st.stm32cube.ide.mcu.externaltools.gnu-tools-for-stm32.10.3-2021.10.win32_1.0.100.202210260954/tools/bin/../lib/gcc/arm-none-eabi/10.3.1/../../../../arm-none-eabi/lib/thumb/v7-m/nofp\libc_nano.a(lib_a-stdio.o)
                0x0000000008006ace                __sclose
 *fill*         0x0000000008006ad6        0x2 
 .text.__utoa   0x0000000008006ad8       0x84 d:/viettel/freertos/stm32cubeide/stm32cubeide_1.11.2/stm32cubeide/plugins/com.st.stm32cube.ide.mcu.externaltools.gnu-tools-for-stm32.10.3-2021.10.win32_1.0.100.202210260954/tools/bin/../lib/gcc/arm-none-eabi/10.3.1/../../../../arm-none-eabi/lib/thumb/v7-m/nofp\libc_nano.a(lib_a-utoa.o)
                0x0000000008006ad8                __utoa
 .text.__swbuf_r
                0x0000000008006b5c       0xa4 d:/viettel/freertos/stm32cubeide/stm32cubeide_1.11.2/stm32cubeide/plugins/com.st.stm32cube.ide.mcu.externaltools.gnu-tools-for-stm32.10.3-2021.10.win32_1.0.100.202210260954/tools/bin/../lib/gcc/arm-none-eabi/10.3.1/../../../../arm-none-eabi/lib/thumb/v7-m/nofp\libc_nano.a(lib_a-wbuf.o)
                0x0000000008006b5c                __swbuf_r
 .text._write_r
                0x0000000008006c00       0x24 d:/viettel/freertos/stm32cubeide/stm32cubeide_1.11.2/stm32cubeide/plugins/com.st.stm32cube.ide.mcu.externaltools.gnu-tools-for-stm32.10.3-2021.10.win32_1.0.100.202210260954/tools/bin/../lib/gcc/arm-none-eabi/10.3.1/../../../../arm-none-eabi/lib/thumb/v7-m/nofp\libc_nano.a(lib_a-writer.o)
                0x0000000008006c00                _write_r
 .text.__swsetup_r
                0x0000000008006c24       0xdc d:/viettel/freertos/stm32cubeide/stm32cubeide_1.11.2/stm32cubeide/plugins/com.st.stm32cube.ide.mcu.externaltools.gnu-tools-for-stm32.10.3-2021.10.win32_1.0.100.202210260954/tools/bin/../lib/gcc/arm-none-eabi/10.3.1/../../../../arm-none-eabi/lib/thumb/v7-m/nofp\libc_nano.a(lib_a-wsetup.o)
                0x0000000008006c24                __swsetup_r
 .text._close_r
                0x0000000008006d00       0x20 d:/viettel/freertos/stm32cubeide/stm32cubeide_1.11.2/stm32cubeide/plugins/com.st.stm32cube.ide.mcu.externaltools.gnu-tools-for-stm32.10.3-2021.10.win32_1.0.100.202210260954/tools/bin/../lib/gcc/arm-none-eabi/10.3.1/../../../../arm-none-eabi/lib/thumb/v7-m/nofp\libc_nano.a(lib_a-closer.o)
                0x0000000008006d00                _close_r
 .text.__sflush_r
                0x0000000008006d20      0x104 d:/viettel/freertos/stm32cubeide/stm32cubeide_1.11.2/stm32cubeide/plugins/com.st.stm32cube.ide.mcu.externaltools.gnu-tools-for-stm32.10.3-2021.10.win32_1.0.100.202210260954/tools/bin/../lib/gcc/arm-none-eabi/10.3.1/../../../../arm-none-eabi/lib/thumb/v7-m/nofp\libc_nano.a(lib_a-fflush.o)
                0x0000000008006d20                __sflush_r
 .text._fflush_r
                0x0000000008006e24       0x78 d:/viettel/freertos/stm32cubeide/stm32cubeide_1.11.2/stm32cubeide/plugins/com.st.stm32cube.ide.mcu.externaltools.gnu-tools-for-stm32.10.3-2021.10.win32_1.0.100.202210260954/tools/bin/../lib/gcc/arm-none-eabi/10.3.1/../../../../arm-none-eabi/lib/thumb/v7-m/nofp\libc_nano.a(lib_a-fflush.o)
                0x0000000008006e24                _fflush_r
 .text._lseek_r
                0x0000000008006e9c       0x24 d:/viettel/freertos/stm32cubeide/stm32cubeide_1.11.2/stm32cubeide/plugins/com.st.stm32cube.ide.mcu.externaltools.gnu-tools-for-stm32.10.3-2021.10.win32_1.0.100.202210260954/tools/bin/../lib/gcc/arm-none-eabi/10.3.1/../../../../arm-none-eabi/lib/thumb/v7-m/nofp\libc_nano.a(lib_a-lseekr.o)
                0x0000000008006e9c                _lseek_r
 .text.__swhatbuf_r
                0x0000000008006ec0       0x4a d:/viettel/freertos/stm32cubeide/stm32cubeide_1.11.2/stm32cubeide/plugins/com.st.stm32cube.ide.mcu.externaltools.gnu-tools-for-stm32.10.3-2021.10.win32_1.0.100.202210260954/tools/bin/../lib/gcc/arm-none-eabi/10.3.1/../../../../arm-none-eabi/lib/thumb/v7-m/nofp\libc_nano.a(lib_a-makebuf.o)
                0x0000000008006ec0                __swhatbuf_r
 *fill*         0x0000000008006f0a        0x2 
 .text.__smakebuf_r
                0x0000000008006f0c       0x80 d:/viettel/freertos/stm32cubeide/stm32cubeide_1.11.2/stm32cubeide/plugins/com.st.stm32cube.ide.mcu.externaltools.gnu-tools-for-stm32.10.3-2021.10.win32_1.0.100.202210260954/tools/bin/../lib/gcc/arm-none-eabi/10.3.1/../../../../arm-none-eabi/lib/thumb/v7-m/nofp\libc_nano.a(lib_a-makebuf.o)
                0x0000000008006f0c                __smakebuf_r
 .text.__malloc_lock
                0x0000000008006f8c        0xc d:/viettel/freertos/stm32cubeide/stm32cubeide_1.11.2/stm32cubeide/plugins/com.st.stm32cube.ide.mcu.externaltools.gnu-tools-for-stm32.10.3-2021.10.win32_1.0.100.202210260954/tools/bin/../lib/gcc/arm-none-eabi/10.3.1/../../../../arm-none-eabi/lib/thumb/v7-m/nofp\libc_nano.a(lib_a-mlock.o)
                0x0000000008006f8c                __malloc_lock
 .text.__malloc_unlock
                0x0000000008006f98        0xc d:/viettel/freertos/stm32cubeide/stm32cubeide_1.11.2/stm32cubeide/plugins/com.st.stm32cube.ide.mcu.externaltools.gnu-tools-for-stm32.10.3-2021.10.win32_1.0.100.202210260954/tools/bin/../lib/gcc/arm-none-eabi/10.3.1/../../../../arm-none-eabi/lib/thumb/v7-m/nofp\libc_nano.a(lib_a-mlock.o)
                0x0000000008006f98                __malloc_unlock
 .text._read_r  0x0000000008006fa4       0x24 d:/viettel/freertos/stm32cubeide/stm32cubeide_1.11.2/stm32cubeide/plugins/com.st.stm32cube.ide.mcu.externaltools.gnu-tools-for-stm32.10.3-2021.10.win32_1.0.100.202210260954/tools/bin/../lib/gcc/arm-none-eabi/10.3.1/../../../../arm-none-eabi/lib/thumb/v7-m/nofp\libc_nano.a(lib_a-readr.o)
                0x0000000008006fa4                _read_r
 .text._fstat_r
                0x0000000008006fc8       0x24 d:/viettel/freertos/stm32cubeide/stm32cubeide_1.11.2/stm32cubeide/plugins/com.st.stm32cube.ide.mcu.externaltools.gnu-tools-for-stm32.10.3-2021.10.win32_1.0.100.202210260954/tools/bin/../lib/gcc/arm-none-eabi/10.3.1/../../../../arm-none-eabi/lib/thumb/v7-m/nofp\libc_nano.a(lib_a-fstatr.o)
                0x0000000008006fc8                _fstat_r
 .text._isatty_r
                0x0000000008006fec       0x20 d:/viettel/freertos/stm32cubeide/stm32cubeide_1.11.2/stm32cubeide/plugins/com.st.stm32cube.ide.mcu.externaltools.gnu-tools-for-stm32.10.3-2021.10.win32_1.0.100.202210260954/tools/bin/../lib/gcc/arm-none-eabi/10.3.1/../../../../arm-none-eabi/lib/thumb/v7-m/nofp\libc_nano.a(lib_a-isattyr.o)
                0x0000000008006fec                _isatty_r
 .text.unlikely
                0x000000000800700c        0xc d:/viettel/freertos/stm32cubeide/stm32cubeide_1.11.2/stm32cubeide/plugins/com.st.stm32cube.ide.mcu.externaltools.gnu-tools-for-stm32.10.3-2021.10.win32_1.0.100.202210260954/tools/bin/../lib/gcc/arm-none-eabi/10.3.1/thumb/v7-m/nofp\libgcc.a(pr-support.o)
                0x000000000800700c                _Unwind_GetDataRelBase
                0x0000000008007012                _Unwind_GetTextRelBase
 *(.glue_7)
 .glue_7        0x0000000008007018        0x0 linker stubs
 *(.glue_7t)
 .glue_7t       0x0000000008007018        0x0 linker stubs
 *(.eh_frame)
 .eh_frame      0x0000000008007018        0x0 d:/viettel/freertos/stm32cubeide/stm32cubeide_1.11.2/stm32cubeide/plugins/com.st.stm32cube.ide.mcu.externaltools.gnu-tools-for-stm32.10.3-2021.10.win32_1.0.100.202210260954/tools/bin/../lib/gcc/arm-none-eabi/10.3.1/thumb/v7-m/nofp/crtbegin.o
 *(.init)
 .init          0x0000000008007018        0x4 d:/viettel/freertos/stm32cubeide/stm32cubeide_1.11.2/stm32cubeide/plugins/com.st.stm32cube.ide.mcu.externaltools.gnu-tools-for-stm32.10.3-2021.10.win32_1.0.100.202210260954/tools/bin/../lib/gcc/arm-none-eabi/10.3.1/thumb/v7-m/nofp/crti.o
                0x0000000008007018                _init
 .init          0x000000000800701c        0x8 d:/viettel/freertos/stm32cubeide/stm32cubeide_1.11.2/stm32cubeide/plugins/com.st.stm32cube.ide.mcu.externaltools.gnu-tools-for-stm32.10.3-2021.10.win32_1.0.100.202210260954/tools/bin/../lib/gcc/arm-none-eabi/10.3.1/thumb/v7-m/nofp/crtn.o
 *(.fini)
 .fini          0x0000000008007024        0x4 d:/viettel/freertos/stm32cubeide/stm32cubeide_1.11.2/stm32cubeide/plugins/com.st.stm32cube.ide.mcu.externaltools.gnu-tools-for-stm32.10.3-2021.10.win32_1.0.100.202210260954/tools/bin/../lib/gcc/arm-none-eabi/10.3.1/thumb/v7-m/nofp/crti.o
                0x0000000008007024                _fini
 .fini          0x0000000008007028        0x8 d:/viettel/freertos/stm32cubeide/stm32cubeide_1.11.2/stm32cubeide/plugins/com.st.stm32cube.ide.mcu.externaltools.gnu-tools-for-stm32.10.3-2021.10.win32_1.0.100.202210260954/tools/bin/../lib/gcc/arm-none-eabi/10.3.1/thumb/v7-m/nofp/crtn.o
                0x0000000008007030                . = ALIGN (0x4)
                0x0000000008007030                _etext = .

.vfp11_veneer   0x0000000008007030        0x0
 .vfp11_veneer  0x0000000008007030        0x0 linker stubs

.v4_bx          0x0000000008007030        0x0
 .v4_bx         0x0000000008007030        0x0 linker stubs

.iplt           0x0000000008007030        0x0
 .iplt          0x0000000008007030        0x0 d:/viettel/freertos/stm32cubeide/stm32cubeide_1.11.2/stm32cubeide/plugins/com.st.stm32cube.ide.mcu.externaltools.gnu-tools-for-stm32.10.3-2021.10.win32_1.0.100.202210260954/tools/bin/../lib/gcc/arm-none-eabi/10.3.1/thumb/v7-m/nofp/crtbegin.o

.rodata         0x0000000008007030      0x2d8
                0x0000000008007030                . = ALIGN (0x4)
 *(.rodata)
 .rodata        0x0000000008007030       0x71 ./Core/Src/car.o
 *fill*         0x00000000080070a1        0x3 
 .rodata        0x00000000080070a4       0x2c ./Core/Src/main.o
 .rodata        0x00000000080070d0       0x1e ./Core/Src/utilities.o
 *fill*         0x00000000080070ee        0x2 
 .rodata        0x00000000080070f0       0x10 ./Drivers/STM32F1xx_HAL_Driver/Src/stm32f1xx_hal_rcc.o
 .rodata        0x0000000008007100        0x5 ./Middlewares/Third_Party/FreeRTOS/Source/tasks.o
 *fill*         0x0000000008007105        0x3 
 .rodata        0x0000000008007108        0xd ./Middlewares/Third_Party/FreeRTOS/Source/timers.o
 *(.rodata*)
 *fill*         0x0000000008007115        0x3 
 .rodata._ZL19mainTask_attributes
                0x0000000008007118       0x24 ./Core/Src/main.o
 .rodata.AHBPrescTable
                0x000000000800713c       0x10 ./Core/Src/system_stm32f1xx.o
                0x000000000800713c                AHBPrescTable
 .rodata.APBPrescTable
                0x000000000800714c        0x8 ./Core/Src/system_stm32f1xx.o
                0x000000000800714c                APBPrescTable
 .rodata._ZTIN10__cxxabiv117__class_type_infoE
                0x0000000008007154        0xc d:/viettel/freertos/stm32cubeide/stm32cubeide_1.11.2/stm32cubeide/plugins/com.st.stm32cube.ide.mcu.externaltools.gnu-tools-for-stm32.10.3-2021.10.win32_1.0.100.202210260954/tools/bin/../lib/gcc/arm-none-eabi/10.3.1/../../../../arm-none-eabi/lib/thumb/v7-m/nofp\libstdc++_nano.a(class_type_info.o)
                0x0000000008007154                typeinfo for __cxxabiv1::__class_type_info
 .rodata._ZTSN10__cxxabiv117__class_type_infoE
                0x0000000008007160       0x22 d:/viettel/freertos/stm32cubeide/stm32cubeide_1.11.2/stm32cubeide/plugins/com.st.stm32cube.ide.mcu.externaltools.gnu-tools-for-stm32.10.3-2021.10.win32_1.0.100.202210260954/tools/bin/../lib/gcc/arm-none-eabi/10.3.1/../../../../arm-none-eabi/lib/thumb/v7-m/nofp\libstdc++_nano.a(class_type_info.o)
                0x0000000008007160                typeinfo name for __cxxabiv1::__class_type_info
 *fill*         0x0000000008007182        0x2 
 .rodata._ZTVN10__cxxabiv117__class_type_infoE
                0x0000000008007184       0x2c d:/viettel/freertos/stm32cubeide/stm32cubeide_1.11.2/stm32cubeide/plugins/com.st.stm32cube.ide.mcu.externaltools.gnu-tools-for-stm32.10.3-2021.10.win32_1.0.100.202210260954/tools/bin/../lib/gcc/arm-none-eabi/10.3.1/../../../../arm-none-eabi/lib/thumb/v7-m/nofp\libstdc++_nano.a(class_type_info.o)
                0x0000000008007184                vtable for __cxxabiv1::__class_type_info
 .rodata._ZTIN10__cxxabiv115__forced_unwindE
                0x00000000080071b0        0x8 d:/viettel/freertos/stm32cubeide/stm32cubeide_1.11.2/stm32cubeide/plugins/com.st.stm32cube.ide.mcu.externaltools.gnu-tools-for-stm32.10.3-2021.10.win32_1.0.100.202210260954/tools/bin/../lib/gcc/arm-none-eabi/10.3.1/../../../../arm-none-eabi/lib/thumb/v7-m/nofp\libstdc++_nano.a(eh_exception.o)
                0x00000000080071b0                typeinfo for __cxxabiv1::__forced_unwind
 .rodata._ZTIN10__cxxabiv119__foreign_exceptionE
                0x00000000080071b8        0x8 d:/viettel/freertos/stm32cubeide/stm32cubeide_1.11.2/stm32cubeide/plugins/com.st.stm32cube.ide.mcu.externaltools.gnu-tools-for-stm32.10.3-2021.10.win32_1.0.100.202210260954/tools/bin/../lib/gcc/arm-none-eabi/10.3.1/../../../../arm-none-eabi/lib/thumb/v7-m/nofp\libstdc++_nano.a(eh_exception.o)
                0x00000000080071b8                typeinfo for __cxxabiv1::__foreign_exception
 .rodata._ZTSN10__cxxabiv115__forced_unwindE
                0x00000000080071c0       0x20 d:/viettel/freertos/stm32cubeide/stm32cubeide_1.11.2/stm32cubeide/plugins/com.st.stm32cube.ide.mcu.externaltools.gnu-tools-for-stm32.10.3-2021.10.win32_1.0.100.202210260954/tools/bin/../lib/gcc/arm-none-eabi/10.3.1/../../../../arm-none-eabi/lib/thumb/v7-m/nofp\libstdc++_nano.a(eh_exception.o)
                0x00000000080071c0                typeinfo name for __cxxabiv1::__forced_unwind
 .rodata._ZTSN10__cxxabiv119__foreign_exceptionE
                0x00000000080071e0       0x24 d:/viettel/freertos/stm32cubeide/stm32cubeide_1.11.2/stm32cubeide/plugins/com.st.stm32cube.ide.mcu.externaltools.gnu-tools-for-stm32.10.3-2021.10.win32_1.0.100.202210260954/tools/bin/../lib/gcc/arm-none-eabi/10.3.1/../../../../arm-none-eabi/lib/thumb/v7-m/nofp\libstdc++_nano.a(eh_exception.o)
                0x00000000080071e0                typeinfo name for __cxxabiv1::__foreign_exception
 .rodata._ZTIN10__cxxabiv120__si_class_type_infoE
                0x0000000008007204        0xc d:/viettel/freertos/stm32cubeide/stm32cubeide_1.11.2/stm32cubeide/plugins/com.st.stm32cube.ide.mcu.externaltools.gnu-tools-for-stm32.10.3-2021.10.win32_1.0.100.202210260954/tools/bin/../lib/gcc/arm-none-eabi/10.3.1/../../../../arm-none-eabi/lib/thumb/v7-m/nofp\libstdc++_nano.a(si_class_type_info.o)
                0x0000000008007204                typeinfo for __cxxabiv1::__si_class_type_info
 .rodata._ZTSN10__cxxabiv120__si_class_type_infoE
                0x0000000008007210       0x25 d:/viettel/freertos/stm32cubeide/stm32cubeide_1.11.2/stm32cubeide/plugins/com.st.stm32cube.ide.mcu.externaltools.gnu-tools-for-stm32.10.3-2021.10.win32_1.0.100.202210260954/tools/bin/../lib/gcc/arm-none-eabi/10.3.1/../../../../arm-none-eabi/lib/thumb/v7-m/nofp\libstdc++_nano.a(si_class_type_info.o)
                0x0000000008007210                typeinfo name for __cxxabiv1::__si_class_type_info
 *fill*         0x0000000008007235        0x3 
 .rodata._ZTVN10__cxxabiv120__si_class_type_infoE
                0x0000000008007238       0x2c d:/viettel/freertos/stm32cubeide/stm32cubeide_1.11.2/stm32cubeide/plugins/com.st.stm32cube.ide.mcu.externaltools.gnu-tools-for-stm32.10.3-2021.10.win32_1.0.100.202210260954/tools/bin/../lib/gcc/arm-none-eabi/10.3.1/../../../../arm-none-eabi/lib/thumb/v7-m/nofp\libstdc++_nano.a(si_class_type_info.o)
                0x0000000008007238                vtable for __cxxabiv1::__si_class_type_info
 .rodata._ZTISt9type_info
                0x0000000008007264        0x8 d:/viettel/freertos/stm32cubeide/stm32cubeide_1.11.2/stm32cubeide/plugins/com.st.stm32cube.ide.mcu.externaltools.gnu-tools-for-stm32.10.3-2021.10.win32_1.0.100.202210260954/tools/bin/../lib/gcc/arm-none-eabi/10.3.1/../../../../arm-none-eabi/lib/thumb/v7-m/nofp\libstdc++_nano.a(tinfo.o)
                0x0000000008007264                typeinfo for std::type_info
 .rodata._ZTSSt9type_info
                0x000000000800726c        0xd d:/viettel/freertos/stm32cubeide/stm32cubeide_1.11.2/stm32cubeide/plugins/com.st.stm32cube.ide.mcu.externaltools.gnu-tools-for-stm32.10.3-2021.10.win32_1.0.100.202210260954/tools/bin/../lib/gcc/arm-none-eabi/10.3.1/../../../../arm-none-eabi/lib/thumb/v7-m/nofp\libstdc++_nano.a(tinfo.o)
                0x000000000800726c                typeinfo name for std::type_info