../Core/Src/main.cpp:91:5:int main()	8	static
../Core/Src/main.cpp:176:6:void SystemClock_Config()	72	static
../Core/Src/main.cpp:213:13:void MX_USART1_UART_Init()	8	static
../Core/Src/main.cpp:246:13:void MX_GPIO_Init()	16	static
../Core/Src/main.cpp:265:6:void StartDefaultTask(void*)	16	static
../Core/Src/main.cpp:283:6:void uartFunc1(void*)	24	static
../Core/Src/main.cpp:303:6:void uartFunc2(void*)	16	static
../Core/Src/main.cpp:322:6:void HAL_TIM_PeriodElapsedCallback(TIM_HandleTypeDef*)	16	static
../Core/Src/main.cpp:339:6:void Error_Handler()	4	static,ignoring_inline_asm
