d:\viettel\freertos\stm32cubeide\stm32cubeide_1.11.2\stm32cubeide\plugins\com.st.stm32cube.ide.mcu.externaltools.gnu-tools-for-stm32.10.3-2021.10.win32_1.0.100.202210260954\tools\bin\../lib/gcc/arm-none-eabi/10.3.1/../../../../arm-none-eabi/include/c++/10.3.1/arm-none-eabi/thumb/v7-m/nofp/bits/gthr-default.h:229:1:int __gthread_key_delete(__gthread_key_t)	16	static
../Core/Src/utilities.cpp:10:11:uint8_t* uint8Cat(uint8_t*, uint8_t*)	32	static
../Core/Src/utilities.cpp:34:6:void convPrint(uint8_t*)	24	static
../Core/Src/utilities.cpp:40:6:void convPrint(int)	40	static
../Core/Src/utilities.cpp:48:6:void convPrint(bool)	24	static
../Core/Src/utilities.cpp:54:6:void newLine()	8	static
